[25/01/26 20:24:03][__main__][INFO] - Sample script. The outputs will be stored in:
[25/01/26 20:24:03][__main__][INFO] - C:\Users\alexb\Develop\ProbTalk3D-ARKit\results\generation\vqvae_pred\stage_2\0.2
[25/01/26 20:24:03][__main__][INFO] - Using default motion prior.
[25/01/26 20:24:03][__main__][INFO] - Loading model
[26/01/26 11:01:45][__main__][INFO] - Sample script. The outputs will be stored in:
[26/01/26 11:01:45][__main__][INFO] - C:\Users\alexb\Develop\ProbTalk3D-ARKit\results\generation\vqvae_pred\stage_2\0.2
[26/01/26 11:01:45][__main__][INFO] - Using default motion prior.
[26/01/26 11:01:45][__main__][INFO] - Loading model
[26/01/26 11:19:44][__main__][INFO] - Sample script. The outputs will be stored in:
[26/01/26 11:19:44][__main__][INFO] - C:\Users\alexb\Develop\ProbTalk3D-ARKit\results\generation\vqvae_pred\stage_2\0.2
[26/01/26 11:19:44][__main__][INFO] - Using default motion prior.
[26/01/26 11:19:44][__main__][INFO] - Loading model
[26/01/26 11:19:53][framework.model.model_vqvae_pred][INFO] - 1. Audio feature extractor 'HuBERT' loaded
[26/01/26 11:19:53][framework.model.model_vqvae_prior][INFO] - (1). Motion Encoder 'transformer_encoder' loaded
[26/01/26 11:19:53][framework.model.model_vqvae_prior][INFO] - (2). Motion Decoder 'transformer_decoder' loaded
[26/01/26 11:19:53][framework.model.model_vqvae_pred][INFO] - 2. 'VQVAE Motion Autoencoder' loaded
[26/01/26 11:19:53][framework.model.utils.tools][INFO] - Model weights restored.
[26/01/26 11:19:53][framework.model.utils.tools][INFO] - Model in eval mode.
[26/01/26 11:19:53][framework.model.model_vqvae_pred][INFO] - 3. 'Audio Encoder' loaded
[26/01/26 11:19:53][__main__][INFO] - Model 'ProbTalk3D' loaded
[26/01/26 11:19:54][framework.model.utils.tools][INFO] - Model weights restored.
[26/01/26 11:19:54][framework.model.utils.tools][INFO] - Model in eval mode.
[26/01/26 11:20:09][__main__][INFO] - All the sampling are done. You can find them here:
C:\Users\alexb\Develop\ProbTalk3D-ARKit\results\generation\vqvae_pred\stage_2\0.2
[26/01/26 11:25:41][__main__][INFO] - Video saved at: results/generation/vqvae_pred/stage_2/0.2/renders/facediff_face
[26/01/26 20:24:52][__main__][INFO] - Video saved at: results/generation/vqvae_pred/stage_2/0.2/renders/facediff_face
[26/01/26 20:27:57][__main__][INFO] - Video saved at: results/generation/vqvae_pred/stage_2/0.2/renders/facediff_face
[26/01/26 20:31:21][__main__][INFO] - Sample script. The outputs will be stored in:
[26/01/26 20:31:21][__main__][INFO] - C:\Users\alexb\Develop\ProbTalk3D-ARKit\results\generation\vqvae_pred\stage_2\0.2
[26/01/26 20:31:21][__main__][INFO] - Using default motion prior.
[26/01/26 20:31:21][__main__][INFO] - Loading model
[26/01/26 20:33:04][framework.model.model_vqvae_pred][INFO] - 1. Audio feature extractor 'HuBERT' loaded
[26/01/26 20:33:04][framework.model.model_vqvae_prior][INFO] - (1). Motion Encoder 'transformer_encoder' loaded
[26/01/26 20:33:04][framework.model.model_vqvae_prior][INFO] - (2). Motion Decoder 'transformer_decoder' loaded
[26/01/26 20:33:04][framework.model.model_vqvae_pred][INFO] - 2. 'VQVAE Motion Autoencoder' loaded
[26/01/26 20:33:05][framework.model.utils.tools][INFO] - Model weights restored.
[26/01/26 20:33:05][framework.model.utils.tools][INFO] - Model in eval mode.
[26/01/26 20:33:05][framework.model.model_vqvae_pred][INFO] - 3. 'Audio Encoder' loaded
[26/01/26 20:33:05][__main__][INFO] - Model 'ProbTalk3D' loaded
[26/01/26 20:33:29][__main__][INFO] - Sample script. The outputs will be stored in:
[26/01/26 20:33:29][__main__][INFO] - C:\Users\alexb\Develop\ProbTalk3D-ARKit\results\generation\vqvae_pred\stage_2\0.2
[26/01/26 20:33:29][__main__][INFO] - Using default motion prior.
[26/01/26 20:33:29][__main__][INFO] - Loading model
[26/01/26 20:33:33][framework.model.model_vqvae_pred][INFO] - 1. Audio feature extractor 'HuBERT' loaded
[26/01/26 20:33:33][framework.model.model_vqvae_prior][INFO] - (1). Motion Encoder 'transformer_encoder' loaded
[26/01/26 20:33:34][framework.model.model_vqvae_prior][INFO] - (2). Motion Decoder 'transformer_decoder' loaded
[26/01/26 20:33:34][framework.model.model_vqvae_pred][INFO] - 2. 'VQVAE Motion Autoencoder' loaded
[26/01/26 20:33:34][framework.model.utils.tools][INFO] - Model weights restored.
[26/01/26 20:33:34][framework.model.utils.tools][INFO] - Model in eval mode.
[26/01/26 20:33:34][framework.model.model_vqvae_pred][INFO] - 3. 'Audio Encoder' loaded
[26/01/26 20:33:34][__main__][INFO] - Model 'ProbTalk3D' loaded
[26/01/26 20:33:35][framework.model.utils.tools][INFO] - Model weights restored.
[26/01/26 20:33:35][framework.model.utils.tools][INFO] - Model in eval mode.
[26/01/26 20:33:50][__main__][INFO] - All the sampling are done. You can find them here:
C:\Users\alexb\Develop\ProbTalk3D-ARKit\results\generation\vqvae_pred\stage_2\0.2
[26/01/26 20:36:58][__main__][INFO] - Video saved at: results/generation/vqvae_pred/stage_2/0.2/renders/facediff_face
[30/01/26 14:50:19][__main__][INFO] - Sample script. The outputs will be stored in:
[30/01/26 14:50:19][__main__][INFO] - C:\Users\alexb\Develop\ProbTalk3D-ARKit\results\generation\vqvae_pred\stage_2\0.2
[30/01/26 14:50:19][__main__][INFO] - Using default motion prior.
[30/01/26 14:50:19][__main__][INFO] - Loading model
[30/01/26 15:01:32][__main__][INFO] - Sample script. The outputs will be stored in:
[30/01/26 15:01:32][__main__][INFO] - C:\Users\alexb\Develop\ProbTalk3D-ARKit\results\generation\vqvae_pred\stage_2\0.2
[30/01/26 15:01:32][__main__][INFO] - Using default motion prior.
[30/01/26 15:01:32][__main__][INFO] - Loading model
[30/01/26 15:04:55][__main__][INFO] - Sample script. The outputs will be stored in:
[30/01/26 15:04:55][__main__][INFO] - C:\Users\alexb\Develop\ProbTalk3D-ARKit\results\generation\vqvae_pred\stage_2\0.2
[30/01/26 15:04:55][__main__][INFO] - Using default motion prior.
[30/01/26 15:04:55][__main__][INFO] - Loading model
[30/01/26 15:05:17][__main__][INFO] - Sample script. The outputs will be stored in:
[30/01/26 15:05:17][__main__][INFO] - C:\Users\alexb\Develop\ProbTalk3D-ARKit\results\generation\vqvae_pred\stage_2\0.2
[30/01/26 15:05:17][__main__][INFO] - Using default motion prior.
[30/01/26 15:05:17][__main__][INFO] - Loading model
[30/01/26 15:07:25][__main__][INFO] - Sample script. The outputs will be stored in:
[30/01/26 15:07:25][__main__][INFO] - C:\Users\alexb\Develop\ProbTalk3D-ARKit\results\generation\vqvae_pred\stage_2\0.2
[30/01/26 15:07:25][__main__][INFO] - Using default motion prior.
[30/01/26 15:07:25][__main__][INFO] - Loading model
[30/01/26 15:07:31][framework.model.feature_extractor.hubert][INFO] - C:\Users\alexb\Develop\ProbTalk3D-ARKit
[30/01/26 15:08:18][__main__][INFO] - Sample script. The outputs will be stored in:
[30/01/26 15:08:18][__main__][INFO] - C:\Users\alexb\Develop\ProbTalk3D-ARKit\results\generation\vqvae_pred\stage_2\0.2
[30/01/26 15:08:18][__main__][INFO] - Using default motion prior.
[30/01/26 15:08:18][__main__][INFO] - Loading model
[30/01/26 15:14:30][__main__][INFO] - Sample script. The outputs will be stored in:
[30/01/26 15:14:30][__main__][INFO] - C:\Users\alexb\Develop\ProbTalk3D-ARKit\results\generation\vqvae_pred\stage_2\0.2
[30/01/26 15:14:30][__main__][INFO] - Using default motion prior.
[30/01/26 15:14:30][__main__][INFO] - Loading model
[30/01/26 15:14:35][framework.model.model_vqvae_pred][INFO] - 1. Audio feature extractor 'HuBERT' loaded
[30/01/26 15:14:35][framework.model.model_vqvae_prior][INFO] - (1). Motion Encoder 'transformer_encoder' loaded
[30/01/26 15:14:35][framework.model.model_vqvae_prior][INFO] - (2). Motion Decoder 'transformer_decoder' loaded
[30/01/26 15:14:35][framework.model.model_vqvae_pred][INFO] - 2. 'VQVAE Motion Autoencoder' loaded
[30/01/26 15:17:30][__main__][INFO] - Sample script. The outputs will be stored in:
[30/01/26 15:17:30][__main__][INFO] - C:\Users\alexb\Develop\ProbTalk3D-ARKit\results\generation\vqvae_pred\stage_2\0.2
[30/01/26 15:17:30][__main__][INFO] - Using default motion prior.
[30/01/26 15:17:30][__main__][INFO] - Loading model
[30/01/26 15:17:35][framework.model.model_vqvae_pred][INFO] - 1. Audio feature extractor 'HuBERT' loaded
[30/01/26 15:17:35][framework.model.model_vqvae_prior][INFO] - (1). Motion Encoder 'transformer_encoder' loaded
[30/01/26 15:17:35][framework.model.model_vqvae_prior][INFO] - (2). Motion Decoder 'transformer_decoder' loaded
[30/01/26 15:17:35][framework.model.model_vqvae_pred][INFO] - 2. 'VQVAE Motion Autoencoder' loaded
[30/01/26 15:17:35][framework.model.utils.tools][INFO] - Model weights restored.
[30/01/26 15:17:35][framework.model.utils.tools][INFO] - Model in eval mode.
[30/01/26 15:17:35][framework.model.model_vqvae_pred][INFO] - 3. 'Audio Encoder' loaded
[30/01/26 15:17:35][__main__][INFO] - Model 'ProbTalk3D' loaded
[30/01/26 15:17:37][framework.model.utils.tools][INFO] - Model weights restored.
[30/01/26 15:17:37][framework.model.utils.tools][INFO] - Model in eval mode.
[30/01/26 15:17:52][__main__][INFO] - All the sampling are done. You can find them here:
C:\Users\alexb\Develop\ProbTalk3D-ARKit\results\generation\vqvae_pred\stage_2\0.2
[30/01/26 15:21:48][__main__][INFO] - Video saved at: results/generation/vqvae_pred/stage_2/0.2/renders/facediff_face
[02/02/26 00:29:58][__main__][INFO] - Sample script. The outputs will be stored in:
[02/02/26 00:29:58][__main__][INFO] - C:\Users\alexb\Develop\ProbTalk3D-ARKit\results\generation\vqvae_pred\stage_2\0.2
[02/02/26 00:29:58][__main__][INFO] - Using default motion prior.
[02/02/26 00:29:58][__main__][INFO] - Loading model
[02/02/26 00:30:34][framework.model.model_vqvae_pred][INFO] - 1. Audio feature extractor 'HuBERT' loaded
[02/02/26 00:30:34][framework.model.model_vqvae_prior][INFO] - (1). Motion Encoder 'transformer_encoder' loaded
[02/02/26 00:30:34][framework.model.model_vqvae_prior][INFO] - (2). Motion Decoder 'transformer_decoder' loaded
[02/02/26 00:30:34][framework.model.model_vqvae_pred][INFO] - 2. 'VQVAE Motion Autoencoder' loaded
[02/02/26 00:30:34][framework.model.utils.tools][INFO] - Model weights restored.
[02/02/26 00:30:34][framework.model.utils.tools][INFO] - Model in eval mode.
[02/02/26 00:30:34][framework.model.model_vqvae_pred][INFO] - 3. 'Audio Encoder' loaded
[02/02/26 00:30:34][__main__][INFO] - Model 'ProbTalk3D' loaded
[02/02/26 00:30:36][framework.model.utils.tools][INFO] - Model weights restored.
[02/02/26 00:30:36][framework.model.utils.tools][INFO] - Model in eval mode.
[02/02/26 00:32:10][__main__][INFO] - Sample script. The outputs will be stored in:
[02/02/26 00:32:10][__main__][INFO] - C:\Users\alexb\Develop\ProbTalk3D-ARKit\results\generation\vqvae_pred\stage_2\0.2
[02/02/26 00:32:10][__main__][INFO] - Using default motion prior.
[02/02/26 00:32:10][__main__][INFO] - Loading model
[02/02/26 00:32:51][framework.model.model_vqvae_pred][INFO] - 1. Audio feature extractor 'HuBERT' loaded
[02/02/26 00:32:51][framework.model.model_vqvae_prior][INFO] - (1). Motion Encoder 'transformer_encoder' loaded
[02/02/26 00:32:51][framework.model.model_vqvae_prior][INFO] - (2). Motion Decoder 'transformer_decoder' loaded
[02/02/26 00:32:51][framework.model.model_vqvae_pred][INFO] - 2. 'VQVAE Motion Autoencoder' loaded
[02/02/26 00:32:51][framework.model.utils.tools][INFO] - Model weights restored.
[02/02/26 00:32:51][framework.model.utils.tools][INFO] - Model in eval mode.
[02/02/26 00:32:51][framework.model.model_vqvae_pred][INFO] - 3. 'Audio Encoder' loaded
[02/02/26 00:32:51][__main__][INFO] - Model 'ProbTalk3D' loaded
[02/02/26 00:32:53][framework.model.utils.tools][INFO] - Model weights restored.
[02/02/26 00:32:53][framework.model.utils.tools][INFO] - Model in eval mode.
[02/02/26 10:24:36][__main__][INFO] - Sample script. The outputs will be stored in:
[02/02/26 10:24:37][__main__][INFO] - C:\Users\alexb\Develop\ProbTalk3D-ARKit\results\generation\vqvae_pred\stage_2\0.2
[02/02/26 10:24:37][__main__][INFO] - Using default motion prior.
[02/02/26 10:24:37][__main__][INFO] - Loading model
[02/02/26 10:25:38][framework.model.model_vqvae_pred][INFO] - 1. Audio feature extractor 'HuBERT' loaded
[02/02/26 10:25:38][framework.model.model_vqvae_prior][INFO] - (1). Motion Encoder 'transformer_encoder' loaded
[02/02/26 10:25:38][framework.model.model_vqvae_prior][INFO] - (2). Motion Decoder 'transformer_decoder' loaded
[02/02/26 10:25:38][framework.model.model_vqvae_pred][INFO] - 2. 'VQVAE Motion Autoencoder' loaded
[02/02/26 10:25:38][framework.model.utils.tools][INFO] - Model weights restored.
[02/02/26 10:25:38][framework.model.utils.tools][INFO] - Model in eval mode.
[02/02/26 10:25:38][framework.model.model_vqvae_pred][INFO] - 3. 'Audio Encoder' loaded
[02/02/26 10:25:38][__main__][INFO] - Model 'ProbTalk3D' loaded
[02/02/26 10:25:39][framework.model.utils.tools][INFO] - Model weights restored.
[02/02/26 10:25:39][framework.model.utils.tools][INFO] - Model in eval mode.
[02/02/26 10:26:05][__main__][INFO] - All the sampling are done. You can find them here:
C:\Users\alexb\Develop\ProbTalk3D-ARKit\results\generation\vqvae_pred\stage_2\0.2
[02/02/26 12:23:24][__main__][INFO] - Sample script. The outputs will be stored in:
[02/02/26 12:23:24][__main__][INFO] - C:\Users\alexb\Develop\ProbTalk3D-ARKit\results\generation\vqvae_pred\stage_2\0.2
[02/02/26 12:23:24][__main__][INFO] - Using default motion prior.
[02/02/26 12:23:24][__main__][INFO] - Loading model
[02/02/26 12:24:54][framework.model.model_vqvae_pred][INFO] - 1. Audio feature extractor 'HuBERT' loaded
[02/02/26 12:24:54][framework.model.model_vqvae_prior][INFO] - (1). Motion Encoder 'transformer_encoder' loaded
[02/02/26 12:24:54][framework.model.model_vqvae_prior][INFO] - (2). Motion Decoder 'transformer_decoder' loaded
[02/02/26 12:24:54][framework.model.model_vqvae_pred][INFO] - 2. 'VQVAE Motion Autoencoder' loaded
[02/02/26 12:24:54][framework.model.utils.tools][INFO] - Model weights restored.
[02/02/26 12:24:54][framework.model.utils.tools][INFO] - Model in eval mode.
[02/02/26 12:24:54][framework.model.model_vqvae_pred][INFO] - 3. 'Audio Encoder' loaded
[02/02/26 12:24:55][__main__][INFO] - Model 'ProbTalk3D' loaded
[02/02/26 12:24:57][framework.model.utils.tools][INFO] - Model weights restored.
[02/02/26 12:24:57][framework.model.utils.tools][INFO] - Model in eval mode.
[02/02/26 12:26:17][__main__][INFO] - Sample script. The outputs will be stored in:
[02/02/26 12:26:17][__main__][INFO] - C:\Users\alexb\Develop\ProbTalk3D-ARKit\results\generation\vqvae_pred\stage_2\0.2
[02/02/26 12:26:17][__main__][INFO] - Using default motion prior.
[02/02/26 12:26:17][__main__][INFO] - Loading model
[02/02/26 12:26:23][framework.model.model_vqvae_pred][INFO] - 1. Audio feature extractor 'HuBERT' loaded
[02/02/26 12:26:23][framework.model.model_vqvae_prior][INFO] - (1). Motion Encoder 'transformer_encoder' loaded
[02/02/26 12:26:23][framework.model.model_vqvae_prior][INFO] - (2). Motion Decoder 'transformer_decoder' loaded
[02/02/26 12:26:23][framework.model.model_vqvae_pred][INFO] - 2. 'VQVAE Motion Autoencoder' loaded
[02/02/26 12:26:23][framework.model.utils.tools][INFO] - Model weights restored.
[02/02/26 12:26:23][framework.model.utils.tools][INFO] - Model in eval mode.
[02/02/26 12:26:23][framework.model.model_vqvae_pred][INFO] - 3. 'Audio Encoder' loaded
[02/02/26 12:26:23][__main__][INFO] - Model 'ProbTalk3D' loaded
[02/02/26 12:26:25][framework.model.utils.tools][INFO] - Model weights restored.
[02/02/26 12:26:25][framework.model.utils.tools][INFO] - Model in eval mode.
[02/02/26 12:29:58][__main__][INFO] - Sample script. The outputs will be stored in:
[02/02/26 12:29:58][__main__][INFO] - C:\Users\alexb\Develop\ProbTalk3D-ARKit\results\generation\vqvae_pred\stage_2\0.2
[02/02/26 12:29:58][__main__][INFO] - Using default motion prior.
[02/02/26 12:29:58][__main__][INFO] - Loading model
[02/02/26 12:30:03][framework.model.model_vqvae_pred][INFO] - 1. Audio feature extractor 'HuBERT' loaded
[02/02/26 12:30:03][framework.model.model_vqvae_prior][INFO] - (1). Motion Encoder 'transformer_encoder' loaded
[02/02/26 12:30:03][framework.model.model_vqvae_prior][INFO] - (2). Motion Decoder 'transformer_decoder' loaded
[02/02/26 12:30:03][framework.model.model_vqvae_pred][INFO] - 2. 'VQVAE Motion Autoencoder' loaded
[02/02/26 12:30:03][framework.model.utils.tools][INFO] - Model weights restored.
[02/02/26 12:30:03][framework.model.utils.tools][INFO] - Model in eval mode.
[02/02/26 12:30:03][framework.model.model_vqvae_pred][INFO] - 3. 'Audio Encoder' loaded
[02/02/26 12:30:03][__main__][INFO] - Model 'ProbTalk3D' loaded
[02/02/26 12:30:05][framework.model.utils.tools][INFO] - Model weights restored.
[02/02/26 12:30:05][framework.model.utils.tools][INFO] - Model in eval mode.
[02/02/26 12:31:45][__main__][INFO] - Sample script. The outputs will be stored in:
[02/02/26 12:31:45][__main__][INFO] - C:\Users\alexb\Develop\ProbTalk3D-ARKit\results\generation\vqvae_pred\stage_2\0.2
[02/02/26 12:31:45][__main__][INFO] - Using default motion prior.
[02/02/26 12:31:45][__main__][INFO] - Loading model
[02/02/26 12:31:50][framework.model.model_vqvae_pred][INFO] - 1. Audio feature extractor 'HuBERT' loaded
[02/02/26 12:31:50][framework.model.model_vqvae_prior][INFO] - (1). Motion Encoder 'transformer_encoder' loaded
[02/02/26 12:31:50][framework.model.model_vqvae_prior][INFO] - (2). Motion Decoder 'transformer_decoder' loaded
[02/02/26 12:31:50][framework.model.model_vqvae_pred][INFO] - 2. 'VQVAE Motion Autoencoder' loaded
[02/02/26 12:31:50][framework.model.utils.tools][INFO] - Model weights restored.
[02/02/26 12:31:50][framework.model.utils.tools][INFO] - Model in eval mode.
[02/02/26 12:31:50][framework.model.model_vqvae_pred][INFO] - 3. 'Audio Encoder' loaded
[02/02/26 12:31:50][__main__][INFO] - Model 'ProbTalk3D' loaded
[02/02/26 12:31:52][framework.model.utils.tools][INFO] - Model weights restored.
[02/02/26 12:31:52][framework.model.utils.tools][INFO] - Model in eval mode.
[02/02/26 12:31:55][__main__][INFO] - All the sampling are done. You can find them here:
C:\Users\alexb\Develop\ProbTalk3D-ARKit\results\generation\vqvae_pred\stage_2\0.2
[03/02/26 10:17:20][__main__][INFO] - Sample script. The outputs will be stored in:
[03/02/26 10:17:20][__main__][INFO] - C:\Users\alexb\Develop\ProbTalk3D-ARKit\results\generation\vqvae_pred\stage_2\0.2
[03/02/26 10:17:20][__main__][INFO] - Using default motion prior.
[03/02/26 10:17:20][__main__][INFO] - Loading model
[03/02/26 10:18:49][framework.model.model_vqvae_pred][INFO] - 1. Audio feature extractor 'HuBERT' loaded
[03/02/26 10:18:49][framework.model.model_vqvae_prior][INFO] - (1). Motion Encoder 'transformer_encoder' loaded
[03/02/26 10:18:49][framework.model.model_vqvae_prior][INFO] - (2). Motion Decoder 'transformer_decoder' loaded
[03/02/26 10:18:49][framework.model.model_vqvae_pred][INFO] - 2. 'VQVAE Motion Autoencoder' loaded
[03/02/26 10:18:49][framework.model.utils.tools][INFO] - Model weights restored.
[03/02/26 10:18:49][framework.model.utils.tools][INFO] - Model in eval mode.
[03/02/26 10:18:49][framework.model.model_vqvae_pred][INFO] - 3. 'Audio Encoder' loaded
[03/02/26 10:18:49][__main__][INFO] - Model 'ProbTalk3D' loaded
[03/02/26 10:18:51][framework.model.utils.tools][INFO] - Model weights restored.
[03/02/26 10:18:51][framework.model.utils.tools][INFO] - Model in eval mode.
[03/02/26 10:20:05][__main__][INFO] - Sample script. The outputs will be stored in:
[03/02/26 10:20:05][__main__][INFO] - C:\Users\alexb\Develop\ProbTalk3D-ARKit\results\generation\vqvae_pred\stage_2\0.2
[03/02/26 10:20:05][__main__][INFO] - Using default motion prior.
[03/02/26 10:20:05][__main__][INFO] - Loading model
[03/02/26 10:20:11][framework.model.model_vqvae_pred][INFO] - 1. Audio feature extractor 'HuBERT' loaded
[03/02/26 10:20:11][framework.model.model_vqvae_prior][INFO] - (1). Motion Encoder 'transformer_encoder' loaded
[03/02/26 10:20:11][framework.model.model_vqvae_prior][INFO] - (2). Motion Decoder 'transformer_decoder' loaded
[03/02/26 10:20:11][framework.model.model_vqvae_pred][INFO] - 2. 'VQVAE Motion Autoencoder' loaded
[03/02/26 10:20:12][framework.model.utils.tools][INFO] - Model weights restored.
[03/02/26 10:20:12][framework.model.utils.tools][INFO] - Model in eval mode.
[03/02/26 10:20:12][framework.model.model_vqvae_pred][INFO] - 3. 'Audio Encoder' loaded
[03/02/26 10:20:12][__main__][INFO] - Model 'ProbTalk3D' loaded
[03/02/26 10:20:13][framework.model.utils.tools][INFO] - Model weights restored.
[03/02/26 10:20:13][framework.model.utils.tools][INFO] - Model in eval mode.
[03/02/26 10:20:38][__main__][INFO] - Sample script. The outputs will be stored in:
[03/02/26 10:20:38][__main__][INFO] - C:\Users\alexb\Develop\ProbTalk3D-ARKit\results\generation\vqvae_pred\stage_2\0.2
[03/02/26 10:20:38][__main__][INFO] - Using default motion prior.
[03/02/26 10:20:38][__main__][INFO] - Loading model
[03/02/26 10:20:44][framework.model.model_vqvae_pred][INFO] - 1. Audio feature extractor 'HuBERT' loaded
[03/02/26 10:20:45][framework.model.model_vqvae_prior][INFO] - (1). Motion Encoder 'transformer_encoder' loaded
[03/02/26 10:20:45][framework.model.model_vqvae_prior][INFO] - (2). Motion Decoder 'transformer_decoder' loaded
[03/02/26 10:20:45][framework.model.model_vqvae_pred][INFO] - 2. 'VQVAE Motion Autoencoder' loaded
[03/02/26 10:20:45][framework.model.utils.tools][INFO] - Model weights restored.
[03/02/26 10:20:45][framework.model.utils.tools][INFO] - Model in eval mode.
[03/02/26 10:20:45][framework.model.model_vqvae_pred][INFO] - 3. 'Audio Encoder' loaded
[03/02/26 10:20:45][__main__][INFO] - Model 'ProbTalk3D' loaded
[03/02/26 10:20:46][framework.model.utils.tools][INFO] - Model weights restored.
[03/02/26 10:20:46][framework.model.utils.tools][INFO] - Model in eval mode.
[03/02/26 10:20:50][__main__][INFO] - All the sampling are done. You can find them here:
C:\Users\alexb\Develop\ProbTalk3D-ARKit\results\generation\vqvae_pred\stage_2\0.2
[03/02/26 10:23:49][__main__][INFO] - Video saved at: results/generation/vqvae_pred/stage_2/0.2/renders/facediff_face
[03/02/26 10:54:40][__main__][INFO] - Sample script. The outputs will be stored in:
[03/02/26 10:54:40][__main__][INFO] - C:\Users\alexb\Develop\ProbTalk3D-ARKit\results\generation\vqvae_pred\stage_2\0.2
[03/02/26 10:54:40][__main__][INFO] - Using default motion prior.
[03/02/26 10:54:40][__main__][INFO] - Loading model
[03/02/26 10:56:05][framework.model.model_vqvae_pred][INFO] - 1. Audio feature extractor 'HuBERT' loaded
[03/02/26 10:56:05][framework.model.model_vqvae_prior][INFO] - (1). Motion Encoder 'transformer_encoder' loaded
[03/02/26 10:56:06][framework.model.model_vqvae_prior][INFO] - (2). Motion Decoder 'transformer_decoder' loaded
[03/02/26 10:56:06][framework.model.model_vqvae_pred][INFO] - 2. 'VQVAE Motion Autoencoder' loaded
[03/02/26 10:56:06][framework.model.utils.tools][INFO] - Model weights restored.
[03/02/26 10:56:06][framework.model.utils.tools][INFO] - Model in eval mode.
[03/02/26 10:56:06][framework.model.model_vqvae_pred][INFO] - 3. 'Audio Encoder' loaded
[03/02/26 10:56:06][__main__][INFO] - Model 'ProbTalk3D' loaded
[03/02/26 10:56:09][framework.model.utils.tools][INFO] - Model weights restored.
[03/02/26 10:56:09][framework.model.utils.tools][INFO] - Model in eval mode.
[03/02/26 10:56:44][__main__][INFO] - All the sampling are done. You can find them here:
C:\Users\alexb\Develop\ProbTalk3D-ARKit\results\generation\vqvae_pred\stage_2\0.2
[08/02/26 00:42:31][__main__][INFO] - Sample script. The outputs will be stored in:
[08/02/26 00:42:31][__main__][INFO] - C:\Users\alexb\Develop\ProbTalk3D-ARKit\results\generation\vqvae_pred\stage_2\0.2
[08/02/26 00:42:31][__main__][INFO] - Using default motion prior.
[08/02/26 00:42:31][__main__][INFO] - Loading model
[08/02/26 00:42:41][framework.model.model_vqvae_pred][INFO] - 1. Audio feature extractor 'HuBERT' loaded
[08/02/26 00:42:41][framework.model.model_vqvae_prior][INFO] - (1). Motion Encoder 'transformer_encoder' loaded
[08/02/26 00:42:41][framework.model.model_vqvae_prior][INFO] - (2). Motion Decoder 'transformer_decoder' loaded
[08/02/26 00:42:41][framework.model.model_vqvae_pred][INFO] - 2. 'VQVAE Motion Autoencoder' loaded
[08/02/26 00:42:41][framework.model.utils.tools][INFO] - Model weights restored.
[08/02/26 00:42:41][framework.model.utils.tools][INFO] - Model in eval mode.
[08/02/26 00:42:41][framework.model.model_vqvae_pred][INFO] - 3. 'Audio Encoder' loaded
[08/02/26 00:42:41][__main__][INFO] - Model 'ProbTalk3D' loaded
[08/02/26 00:42:42][framework.model.utils.tools][INFO] - Model weights restored.
[08/02/26 00:42:42][framework.model.utils.tools][INFO] - Model in eval mode.
[08/02/26 11:47:44][__main__][INFO] - Sample script. The outputs will be stored in:
[08/02/26 11:47:44][__main__][INFO] - C:\Users\alexb\Develop\ProbTalk3D-ARKit\results\generation\vqvae_pred\stage_2\0.2
[08/02/26 11:47:44][__main__][INFO] - Using default motion prior.
[08/02/26 11:47:44][__main__][INFO] - Loading model
[08/02/26 11:47:55][framework.model.model_vqvae_pred][INFO] - 1. Audio feature extractor 'HuBERT' loaded
[08/02/26 11:47:55][framework.model.model_vqvae_prior][INFO] - (1). Motion Encoder 'transformer_encoder' loaded
[08/02/26 11:47:55][framework.model.model_vqvae_prior][INFO] - (2). Motion Decoder 'transformer_decoder' loaded
[08/02/26 11:47:55][framework.model.model_vqvae_pred][INFO] - 2. 'VQVAE Motion Autoencoder' loaded
[08/02/26 11:47:55][framework.model.utils.tools][INFO] - Model weights restored.
[08/02/26 11:47:55][framework.model.utils.tools][INFO] - Model in eval mode.
[08/02/26 11:47:55][framework.model.model_vqvae_pred][INFO] - 3. 'Audio Encoder' loaded
[08/02/26 11:47:55][__main__][INFO] - Model 'ProbTalk3D' loaded
[08/02/26 11:47:58][framework.model.utils.tools][INFO] - Model weights restored.
[08/02/26 11:47:58][framework.model.utils.tools][INFO] - Model in eval mode.
[08/02/26 11:48:32][__main__][INFO] - Sample script. The outputs will be stored in:
[08/02/26 11:48:32][__main__][INFO] - C:\Users\alexb\Develop\ProbTalk3D-ARKit\results\generation\vqvae_pred\stage_2\0.2
[08/02/26 11:48:32][__main__][INFO] - Using default motion prior.
[08/02/26 11:48:32][__main__][INFO] - Loading model
[08/02/26 11:48:39][framework.model.model_vqvae_pred][INFO] - 1. Audio feature extractor 'HuBERT' loaded
[08/02/26 11:48:39][framework.model.model_vqvae_prior][INFO] - (1). Motion Encoder 'transformer_encoder' loaded
[08/02/26 11:48:39][framework.model.model_vqvae_prior][INFO] - (2). Motion Decoder 'transformer_decoder' loaded
[08/02/26 11:48:39][framework.model.model_vqvae_pred][INFO] - 2. 'VQVAE Motion Autoencoder' loaded
[08/02/26 11:48:39][framework.model.utils.tools][INFO] - Model weights restored.
[08/02/26 11:48:39][framework.model.utils.tools][INFO] - Model in eval mode.
[08/02/26 11:48:39][framework.model.model_vqvae_pred][INFO] - 3. 'Audio Encoder' loaded
[08/02/26 11:48:39][__main__][INFO] - Model 'ProbTalk3D' loaded
[08/02/26 11:48:41][framework.model.utils.tools][INFO] - Model weights restored.
[08/02/26 11:48:41][framework.model.utils.tools][INFO] - Model in eval mode.
[08/02/26 12:11:49][__main__][INFO] - Sample script. The outputs will be stored in:
[08/02/26 12:11:49][__main__][INFO] - C:\Users\alexb\Develop\ProbTalk3D-ARKit\results\generation\vqvae_pred\stage_2\0.2
[08/02/26 12:11:49][__main__][INFO] - Using default motion prior.
[08/02/26 12:11:49][__main__][INFO] - Loading model
[08/02/26 12:12:00][framework.model.model_vqvae_pred][INFO] - 1. Audio feature extractor 'HuBERT' loaded
[08/02/26 12:12:00][framework.model.model_vqvae_prior][INFO] - (1). Motion Encoder 'transformer_encoder' loaded
[08/02/26 12:12:00][framework.model.model_vqvae_prior][INFO] - (2). Motion Decoder 'transformer_decoder' loaded
[08/02/26 12:12:00][framework.model.model_vqvae_pred][INFO] - 2. 'VQVAE Motion Autoencoder' loaded
[08/02/26 12:12:01][framework.model.utils.tools][INFO] - Model weights restored.
[08/02/26 12:12:01][framework.model.utils.tools][INFO] - Model in eval mode.
[08/02/26 12:12:01][framework.model.model_vqvae_pred][INFO] - 3. 'Audio Encoder' loaded
[08/02/26 12:12:01][__main__][INFO] - Model 'ProbTalk3D' loaded
[08/02/26 12:12:02][framework.model.utils.tools][INFO] - Model weights restored.
[08/02/26 12:12:02][framework.model.utils.tools][INFO] - Model in eval mode.
[08/02/26 12:12:09][__main__][INFO] - All the sampling are done. You can find them here:
C:\Users\alexb\Develop\ProbTalk3D-ARKit\results\generation\vqvae_pred\stage_2\0.2
[08/02/26 12:19:05][__main__][INFO] - Video saved at: C:\Users\alexb\Develop\ProbTalk3D-ARKit/results/generation/vqvae_pred/stage_2/0.2/renders/facediff_face
[08/02/26 12:22:45][__main__][INFO] - Sample script. The outputs will be stored in:
[08/02/26 12:22:45][__main__][INFO] - C:\Users\alexb\Develop\ProbTalk3D-ARKit\results\generation\vqvae_pred\stage_2\0.2
[08/02/26 12:22:45][__main__][INFO] - Using default motion prior.
[08/02/26 12:22:45][__main__][INFO] - Loading model
[08/02/26 12:22:55][framework.model.model_vqvae_pred][INFO] - 1. Audio feature extractor 'HuBERT' loaded
[08/02/26 12:22:55][framework.model.model_vqvae_prior][INFO] - (1). Motion Encoder 'transformer_encoder' loaded
[08/02/26 12:22:55][framework.model.model_vqvae_prior][INFO] - (2). Motion Decoder 'transformer_decoder' loaded
[08/02/26 12:22:55][framework.model.model_vqvae_pred][INFO] - 2. 'VQVAE Motion Autoencoder' loaded
[08/02/26 12:22:55][framework.model.utils.tools][INFO] - Model weights restored.
[08/02/26 12:22:55][framework.model.utils.tools][INFO] - Model in eval mode.
[08/02/26 12:22:55][framework.model.model_vqvae_pred][INFO] - 3. 'Audio Encoder' loaded
[08/02/26 12:22:55][__main__][INFO] - Model 'ProbTalk3D' loaded
[08/02/26 12:22:57][framework.model.utils.tools][INFO] - Model weights restored.
[08/02/26 12:22:57][framework.model.utils.tools][INFO] - Model in eval mode.
[08/02/26 12:23:02][__main__][INFO] - All the sampling are done. You can find them here:
C:\Users\alexb\Develop\ProbTalk3D-ARKit\results\generation\vqvae_pred\stage_2\0.2
[08/02/26 12:24:59][__main__][INFO] - Sample script. The outputs will be stored in:
[08/02/26 12:24:59][__main__][INFO] - C:\Users\alexb\Develop\ProbTalk3D-ARKit\results\generation\vqvae_pred\stage_2\0.2
[08/02/26 12:24:59][__main__][INFO] - Using default motion prior.
[08/02/26 12:24:59][__main__][INFO] - Loading model
[08/02/26 12:25:07][framework.model.model_vqvae_pred][INFO] - 1. Audio feature extractor 'HuBERT' loaded
[08/02/26 12:25:07][framework.model.model_vqvae_prior][INFO] - (1). Motion Encoder 'transformer_encoder' loaded
[08/02/26 12:25:07][framework.model.model_vqvae_prior][INFO] - (2). Motion Decoder 'transformer_decoder' loaded
[08/02/26 12:25:07][framework.model.model_vqvae_pred][INFO] - 2. 'VQVAE Motion Autoencoder' loaded
[08/02/26 12:25:07][framework.model.utils.tools][INFO] - Model weights restored.
[08/02/26 12:25:07][framework.model.utils.tools][INFO] - Model in eval mode.
[08/02/26 12:25:07][framework.model.model_vqvae_pred][INFO] - 3. 'Audio Encoder' loaded
[08/02/26 12:25:07][__main__][INFO] - Model 'ProbTalk3D' loaded
[08/02/26 12:25:09][framework.model.utils.tools][INFO] - Model weights restored.
[08/02/26 12:25:09][framework.model.utils.tools][INFO] - Model in eval mode.
[08/02/26 12:25:14][__main__][INFO] - All the sampling are done. You can find them here:
C:\Users\alexb\Develop\ProbTalk3D-ARKit\results\generation\vqvae_pred\stage_2\0.2
[08/02/26 12:26:01][__main__][INFO] - Video saved at: C:\Users\alexb\Develop\ProbTalk3D-ARKit/results/generation/vqvae_pred/stage_2/0.2/renders/facediff_face
[16/02/26 12:42:34][__main__][INFO] - Sample script. The outputs will be stored in:
[16/02/26 12:42:34][__main__][INFO] - C:\Users\alexb\Develop\ProbTalk3D-ARKit\results\generation\vqvae_pred\stage_2\0.2
[16/02/26 12:42:34][__main__][INFO] - Using default motion prior.
[16/02/26 12:42:34][__main__][INFO] - Loading model
[16/02/26 12:52:07][__main__][INFO] - Sample script. The outputs will be stored in:
[16/02/26 12:52:07][__main__][INFO] - C:\Users\alexb\Develop\ProbTalk3D-ARKit\results\generation\vqvae_pred\stage_2\0.2
[16/02/26 12:52:07][__main__][INFO] - Using default motion prior.
[16/02/26 12:52:07][__main__][INFO] - Loading model
[16/02/26 13:03:42][__main__][INFO] - Sample script. The outputs will be stored in:
[16/02/26 13:03:42][__main__][INFO] - C:\Users\alexb\Develop\ProbTalk3D-ARKit\results\generation\vqvae_pred\stage_2\0.2
[16/02/26 13:03:42][__main__][INFO] - Using default motion prior.
[16/02/26 13:03:42][__main__][INFO] - Loading model
[16/02/26 13:03:52][framework.model.model_vqvae_pred][INFO] - 1. Audio feature extractor 'HuBERT' loaded
[16/02/26 13:03:53][framework.model.model_vqvae_prior][INFO] - (1). Motion Encoder 'transformer_encoder' loaded
[16/02/26 13:03:53][framework.model.model_vqvae_prior][INFO] - (2). Motion Decoder 'transformer_decoder' loaded
[16/02/26 13:03:53][framework.model.model_vqvae_pred][INFO] - 2. 'VQVAE Motion Autoencoder' loaded
[16/02/26 13:08:18][__main__][INFO] - Sample script. The outputs will be stored in:
[16/02/26 13:08:18][__main__][INFO] - C:\Users\alexb\Develop\ProbTalk3D-ARKit\results\generation\vqvae_pred\stage_2\0.2
[16/02/26 13:08:18][__main__][INFO] - Using default motion prior.
[16/02/26 13:08:18][__main__][INFO] - Loading model
[16/02/26 13:09:48][__main__][INFO] - Sample script. The outputs will be stored in:
[16/02/26 13:09:48][__main__][INFO] - C:\Users\alexb\Develop\ProbTalk3D-ARKit\results\generation\vqvae_pred\stage_2\0.2
[16/02/26 13:09:48][__main__][INFO] - Using default motion prior.
[16/02/26 13:09:48][__main__][INFO] - Loading model
[16/02/26 13:09:55][framework.model.model_vqvae_pred][INFO] - 1. Audio feature extractor 'HuBERT' loaded
[16/02/26 13:09:55][framework.model.model_vqvae_prior][INFO] - (1). Motion Encoder 'transformer_encoder' loaded
[16/02/26 13:09:56][framework.model.model_vqvae_prior][INFO] - (2). Motion Decoder 'transformer_decoder' loaded
[16/02/26 13:09:56][framework.model.model_vqvae_pred][INFO] - 2. 'VQVAE Motion Autoencoder' loaded
[16/02/26 13:09:56][framework.model.utils.tools][INFO] - Model weights restored.
[16/02/26 13:09:56][framework.model.utils.tools][INFO] - Model in eval mode.
[16/02/26 13:09:56][framework.model.model_vqvae_pred][INFO] - 3. 'Audio Encoder' loaded
[16/02/26 13:09:56][__main__][INFO] - Model 'ProbTalk3D' loaded
[16/02/26 13:09:57][framework.model.utils.tools][INFO] - Model weights restored.
[16/02/26 13:09:57][framework.model.utils.tools][INFO] - Model in eval mode.
[16/02/26 13:10:12][__main__][INFO] - All the sampling are done. You can find them here:
C:\Users\alexb\Develop\ProbTalk3D-ARKit\results\generation\vqvae_pred\stage_2\0.2
[16/02/26 13:11:30][__main__][INFO] - Sample script. The outputs will be stored in:
[16/02/26 13:11:30][__main__][INFO] - C:\Users\alexb\Develop\ProbTalk3D-ARKit\results\generation\vqvae_pred\stage_2\0.2
[16/02/26 13:11:30][__main__][INFO] - Using default motion prior.
[16/02/26 13:11:30][__main__][INFO] - Loading model
[16/02/26 13:11:37][framework.model.model_vqvae_pred][INFO] - 1. Audio feature extractor 'HuBERT' loaded
[16/02/26 13:11:37][framework.model.model_vqvae_prior][INFO] - (1). Motion Encoder 'transformer_encoder' loaded
[16/02/26 13:11:37][framework.model.model_vqvae_prior][INFO] - (2). Motion Decoder 'transformer_decoder' loaded
[16/02/26 13:11:37][framework.model.model_vqvae_pred][INFO] - 2. 'VQVAE Motion Autoencoder' loaded
[16/02/26 13:11:37][framework.model.utils.tools][INFO] - Model weights restored.
[16/02/26 13:11:37][framework.model.utils.tools][INFO] - Model in eval mode.
[16/02/26 13:11:37][framework.model.model_vqvae_pred][INFO] - 3. 'Audio Encoder' loaded
[16/02/26 13:11:37][__main__][INFO] - Model 'ProbTalk3D' loaded
[16/02/26 13:11:39][framework.model.utils.tools][INFO] - Model weights restored.
[16/02/26 13:11:39][framework.model.utils.tools][INFO] - Model in eval mode.
[16/02/26 13:12:42][__main__][INFO] - Sample script. The outputs will be stored in:
[16/02/26 13:12:42][__main__][INFO] - C:\Users\alexb\Develop\ProbTalk3D-ARKit\results\generation\vqvae_pred\stage_2\0.2
[16/02/26 13:12:42][__main__][INFO] - Using default motion prior.
[16/02/26 13:12:42][__main__][INFO] - Loading model
[16/02/26 13:12:50][framework.model.model_vqvae_pred][INFO] - 1. Audio feature extractor 'HuBERT' loaded
[16/02/26 13:12:50][framework.model.model_vqvae_prior][INFO] - (1). Motion Encoder 'transformer_encoder' loaded
[16/02/26 13:12:50][framework.model.model_vqvae_prior][INFO] - (2). Motion Decoder 'transformer_decoder' loaded
[16/02/26 13:12:50][framework.model.model_vqvae_pred][INFO] - 2. 'VQVAE Motion Autoencoder' loaded
[16/02/26 13:12:50][framework.model.utils.tools][INFO] - Model weights restored.
[16/02/26 13:12:50][framework.model.utils.tools][INFO] - Model in eval mode.
[16/02/26 13:12:50][framework.model.model_vqvae_pred][INFO] - 3. 'Audio Encoder' loaded
[16/02/26 13:12:50][__main__][INFO] - Model 'ProbTalk3D' loaded
[16/02/26 13:12:52][framework.model.utils.tools][INFO] - Model weights restored.
[16/02/26 13:12:52][framework.model.utils.tools][INFO] - Model in eval mode.
[16/02/26 13:12:57][__main__][INFO] - All the sampling are done. You can find them here:
C:\Users\alexb\Develop\ProbTalk3D-ARKit\results\generation\vqvae_pred\stage_2\0.2
[16/02/26 13:16:49][__main__][INFO] - Video saved at: C:\Users\alexb\Develop\ProbTalk3D-ARKit/results/generation/vqvae_pred/stage_2/0.2/renders/facediff_face
[18/02/26 18:18:06][__main__][INFO] - Sample script. The outputs will be stored in:
[18/02/26 18:18:06][__main__][INFO] - C:\Users\alexb\Develop\ProbTalk3D-ARKit\results\generation\vqvae_pred\stage_2\0.2
[18/02/26 18:18:06][__main__][INFO] - Using default motion prior.
[18/02/26 18:18:06][__main__][INFO] - Loading model
[18/02/26 18:18:12][framework.model.model_vqvae_pred][INFO] - 1. Audio feature extractor 'HuBERT' loaded
[18/02/26 18:18:12][framework.model.model_vqvae_prior][INFO] - (1). Motion Encoder 'transformer_encoder' loaded
[18/02/26 18:18:12][framework.model.model_vqvae_prior][INFO] - (2). Motion Decoder 'transformer_decoder' loaded
[18/02/26 18:18:12][framework.model.model_vqvae_pred][INFO] - 2. 'VQVAE Motion Autoencoder' loaded
[02/03/26 08:36:23][__main__][INFO] - Sample script. The outputs will be stored in:
[02/03/26 08:40:56][__main__][INFO] - Sample script. The outputs will be stored in:
[02/03/26 08:53:27][__main__][INFO] - Sample script. The outputs will be stored in:
[02/03/26 08:54:50][__main__][INFO] - Sample script. The outputs will be stored in:
[02/03/26 09:01:25][__main__][INFO] - Sample script. The outputs will be stored in:
[02/03/26 09:01:25][__main__][INFO] - Using default motion prior.
[02/03/26 09:03:37][__main__][INFO] - Sample script. The outputs will be stored in:
[02/03/26 09:03:37][__main__][INFO] - Using default motion prior.
[02/03/26 09:03:37][__main__][INFO] - Loading model
[02/03/26 09:03:46][framework.model.model_vqvae_prior][INFO] - (1). Motion Encoder 'transformer_encoder' loaded
[02/03/26 09:03:47][framework.model.model_vqvae_prior][INFO] - (2). Motion Decoder 'transformer_decoder' loaded
[02/03/26 09:03:47][__main__][INFO] - Model 'VQVAE Motion Autoencoder' loaded
[02/03/26 09:03:48][framework.model.utils.tools][INFO] - Model weights restored.
[02/03/26 09:03:48][framework.model.utils.tools][INFO] - Model in eval mode.
[02/03/26 10:00:59][__main__][INFO] - Sample script. The outputs will be stored in:
[02/03/26 10:00:59][__main__][INFO] - C:\Users\alexb\Develop\ProbTalk3D-ARKit\results\generation\vqvae_prior\stage_2\0.2
[02/03/26 10:00:59][__main__][INFO] - Using default motion prior.
[02/03/26 10:00:59][__main__][INFO] - Loading model
[02/03/26 10:01:08][framework.model.model_vqvae_prior][INFO] - (1). Motion Encoder 'transformer_encoder' loaded
[02/03/26 10:01:08][framework.model.model_vqvae_prior][INFO] - (2). Motion Decoder 'transformer_decoder' loaded
[02/03/26 10:01:08][__main__][INFO] - Model 'VQVAE Motion Autoencoder' loaded
[02/03/26 10:01:09][framework.model.utils.tools][INFO] - Model weights restored.
[02/03/26 10:01:09][framework.model.utils.tools][INFO] - Model in eval mode.
[02/03/26 10:05:12][__main__][INFO] - Sample script. The outputs will be stored in:
[02/03/26 10:05:12][__main__][INFO] - C:\Users\alexb\Develop\ProbTalk3D-ARKit\results\generation\vqvae_prior\stage_2\0.2
[02/03/26 10:05:12][__main__][INFO] - Using default motion prior.
[02/03/26 10:05:12][__main__][INFO] - Loading model
[02/03/26 10:05:19][framework.model.model_vqvae_prior][INFO] - (1). Motion Encoder 'transformer_encoder' loaded
[02/03/26 10:05:19][framework.model.model_vqvae_prior][INFO] - (2). Motion Decoder 'transformer_decoder' loaded
[02/03/26 10:05:19][__main__][INFO] - Model 'VQVAE Motion Autoencoder' loaded
[02/03/26 10:05:19][framework.model.utils.tools][INFO] - Model weights restored.
[02/03/26 10:05:19][framework.model.utils.tools][INFO] - Model in eval mode.
[02/03/26 20:43:07][__main__][INFO] - Sample script. The outputs will be stored in:
[02/03/26 20:46:44][__main__][INFO] - Sample script. The outputs will be stored in:
[02/03/26 20:46:44][__main__][INFO] - Outputs will be saved to: C:\Users\alexb\Develop\ProbTalk3D-ARKit\results\generation\vqvae_prior\stage_2\none
[02/03/26 20:46:44][__main__][INFO] - Using default motion prior.
[02/03/26 20:46:44][__main__][INFO] - Loading model
[02/03/26 20:48:02][framework.model.model_vqvae_prior][INFO] - (1). Motion Encoder 'transformer_encoder' loaded
[02/03/26 20:48:02][framework.model.model_vqvae_prior][INFO] - (2). Motion Decoder 'transformer_decoder' loaded
[02/03/26 20:48:02][__main__][INFO] - Model 'VQVAE Motion Autoencoder' loaded
[02/03/26 20:48:03][framework.model.utils.tools][INFO] - Model weights restored.
[02/03/26 20:48:03][framework.model.utils.tools][INFO] - Model in eval mode.
[02/03/26 20:48:03][__main__][INFO] - Reconstruction complete. You can find it here:
C:\Users\alexb\Develop\ProbTalk3D-ARKit\results\generation\vqvae_prior\stage_2\none
[02/03/26 20:48:03][__main__][INFO] - Sample script. The outputs will be stored in:
[02/03/26 20:48:03][__main__][INFO] - Outputs will be saved to: C:\Users\alexb\Develop\ProbTalk3D-ARKit\results\generation\vqvae_prior\stage_2\none
[02/03/26 20:48:03][__main__][INFO] - Using default motion prior.
[02/03/26 20:48:03][__main__][INFO] - Loading model
[02/03/26 20:48:03][framework.model.model_vqvae_prior][INFO] - (1). Motion Encoder 'transformer_encoder' loaded
[02/03/26 20:48:03][framework.model.model_vqvae_prior][INFO] - (2). Motion Decoder 'transformer_decoder' loaded
[02/03/26 20:48:03][__main__][INFO] - Model 'VQVAE Motion Autoencoder' loaded
[02/03/26 20:48:04][framework.model.utils.tools][INFO] - Model weights restored.
[02/03/26 20:48:04][framework.model.utils.tools][INFO] - Model in eval mode.
[02/03/26 20:48:04][__main__][INFO] - Reconstruction complete. You can find it here:
C:\Users\alexb\Develop\ProbTalk3D-ARKit\results\generation\vqvae_prior\stage_2\none
[02/03/26 20:50:02][__main__][INFO] - Sample script. The outputs will be stored in:
[02/03/26 20:50:02][__main__][INFO] - Outputs will be saved to: C:\Users\alexb\Develop\ProbTalk3D-ARKit\results\generation\vqvae_prior\stage_2\none
[02/03/26 20:50:02][__main__][INFO] - Using default motion prior.
[02/03/26 20:50:02][__main__][INFO] - Loading model
[02/03/26 20:50:17][framework.model.model_vqvae_prior][INFO] - (1). Motion Encoder 'transformer_encoder' loaded
[02/03/26 20:50:17][framework.model.model_vqvae_prior][INFO] - (2). Motion Decoder 'transformer_decoder' loaded
[02/03/26 20:50:17][__main__][INFO] - Model 'VQVAE Motion Autoencoder' loaded
[02/03/26 20:50:18][framework.model.utils.tools][INFO] - Model weights restored.
[02/03/26 20:50:18][framework.model.utils.tools][INFO] - Model in eval mode.
[02/03/26 20:50:18][__main__][INFO] - Reconstruction complete. You can find it here:
C:\Users\alexb\Develop\ProbTalk3D-ARKit\results\generation\vqvae_prior\stage_2\none
[02/03/26 20:50:19][__main__][INFO] - Sample script. The outputs will be stored in:
[02/03/26 20:50:19][__main__][INFO] - Outputs will be saved to: C:\Users\alexb\Develop\ProbTalk3D-ARKit\results\generation\vqvae_prior\stage_2\none
[02/03/26 20:50:19][__main__][INFO] - Using default motion prior.
[02/03/26 20:50:19][__main__][INFO] - Loading model
[02/03/26 20:50:19][framework.model.model_vqvae_prior][INFO] - (1). Motion Encoder 'transformer_encoder' loaded
[02/03/26 20:50:19][framework.model.model_vqvae_prior][INFO] - (2). Motion Decoder 'transformer_decoder' loaded
[02/03/26 20:50:19][__main__][INFO] - Model 'VQVAE Motion Autoencoder' loaded
[02/03/26 20:50:19][framework.model.utils.tools][INFO] - Model weights restored.
[02/03/26 20:50:19][framework.model.utils.tools][INFO] - Model in eval mode.
[02/03/26 20:50:19][__main__][INFO] - Reconstruction complete. You can find it here:
C:\Users\alexb\Develop\ProbTalk3D-ARKit\results\generation\vqvae_prior\stage_2\none
[02/03/26 20:50:47][__main__][INFO] - Sample script. The outputs will be stored in:
[02/03/26 20:50:47][__main__][INFO] - Outputs will be saved to: C:\Users\alexb\Develop\ProbTalk3D-ARKit\results\generation\vqvae_prior\stage_2\none
[02/03/26 20:50:47][__main__][INFO] - Using default motion prior.
[02/03/26 20:50:47][__main__][INFO] - Loading model
[02/03/26 20:50:52][framework.model.model_vqvae_prior][INFO] - (1). Motion Encoder 'transformer_encoder' loaded
[02/03/26 20:50:52][framework.model.model_vqvae_prior][INFO] - (2). Motion Decoder 'transformer_decoder' loaded
[02/03/26 20:50:52][__main__][INFO] - Model 'VQVAE Motion Autoencoder' loaded
[02/03/26 20:50:53][framework.model.utils.tools][INFO] - Model weights restored.
[02/03/26 20:50:53][framework.model.utils.tools][INFO] - Model in eval mode.
[02/03/26 20:50:53][__main__][INFO] - Reconstruction complete. You can find it here:
C:\Users\alexb\Develop\ProbTalk3D-ARKit\results\generation\vqvae_prior\stage_2\none
[02/03/26 20:50:53][__main__][INFO] - Sample script. The outputs will be stored in:
[02/03/26 20:50:53][__main__][INFO] - Outputs will be saved to: C:\Users\alexb\Develop\ProbTalk3D-ARKit\results\generation\vqvae_prior\stage_2\none
[02/03/26 20:50:53][__main__][INFO] - Using default motion prior.
[02/03/26 20:50:53][__main__][INFO] - Loading model
[02/03/26 20:50:53][framework.model.model_vqvae_prior][INFO] - (1). Motion Encoder 'transformer_encoder' loaded
[02/03/26 20:50:53][framework.model.model_vqvae_prior][INFO] - (2). Motion Decoder 'transformer_decoder' loaded
[02/03/26 20:50:53][__main__][INFO] - Model 'VQVAE Motion Autoencoder' loaded
[02/03/26 20:50:53][framework.model.utils.tools][INFO] - Model weights restored.
[02/03/26 20:50:53][framework.model.utils.tools][INFO] - Model in eval mode.
[02/03/26 20:50:53][__main__][INFO] - Reconstruction complete. You can find it here:
C:\Users\alexb\Develop\ProbTalk3D-ARKit\results\generation\vqvae_prior\stage_2\none
[02/03/26 20:51:41][__main__][INFO] - Sample script. The outputs will be stored in:
[02/03/26 20:51:41][__main__][INFO] - Outputs will be saved to: C:\Users\alexb\Develop\ProbTalk3D-ARKit\results\generation\vqvae_prior\stage_2\none
[02/03/26 20:51:41][__main__][INFO] - Using default motion prior.
[02/03/26 20:51:41][__main__][INFO] - Loading model
[02/03/26 20:51:46][framework.model.model_vqvae_prior][INFO] - (1). Motion Encoder 'transformer_encoder' loaded
[02/03/26 20:51:46][framework.model.model_vqvae_prior][INFO] - (2). Motion Decoder 'transformer_decoder' loaded
[02/03/26 20:51:47][__main__][INFO] - Model 'VQVAE Motion Autoencoder' loaded
[02/03/26 20:51:47][framework.model.utils.tools][INFO] - Model weights restored.
[02/03/26 20:51:47][framework.model.utils.tools][INFO] - Model in eval mode.
[02/03/26 20:51:47][__main__][INFO] - Reconstruction complete. You can find it here:
C:\Users\alexb\Develop\ProbTalk3D-ARKit\results\generation\vqvae_prior\stage_2\none
[02/03/26 20:51:47][__main__][INFO] - Sample script. The outputs will be stored in:
[02/03/26 20:51:47][__main__][INFO] - Outputs will be saved to: C:\Users\alexb\Develop\ProbTalk3D-ARKit\results\generation\vqvae_prior\stage_2\none
[02/03/26 20:51:47][__main__][INFO] - Using default motion prior.
[02/03/26 20:51:47][__main__][INFO] - Loading model
[02/03/26 20:51:47][framework.model.model_vqvae_prior][INFO] - (1). Motion Encoder 'transformer_encoder' loaded
[02/03/26 20:51:47][framework.model.model_vqvae_prior][INFO] - (2). Motion Decoder 'transformer_decoder' loaded
[02/03/26 20:51:47][__main__][INFO] - Model 'VQVAE Motion Autoencoder' loaded
[02/03/26 20:51:47][framework.model.utils.tools][INFO] - Model weights restored.
[02/03/26 20:51:47][framework.model.utils.tools][INFO] - Model in eval mode.
[02/03/26 20:51:47][__main__][INFO] - Reconstruction complete. You can find it here:
C:\Users\alexb\Develop\ProbTalk3D-ARKit\results\generation\vqvae_prior\stage_2\none
[02/03/26 20:53:51][__main__][INFO] - Sample script. The outputs will be stored in:
[02/03/26 20:53:51][__main__][INFO] - Outputs will be saved to: C:\Users\alexb\Develop\ProbTalk3D-ARKit\results\generation\vqvae_prior\stage_2\none
[02/03/26 20:53:51][__main__][INFO] - Using default motion prior.
[02/03/26 20:53:51][__main__][INFO] - Loading model
[02/03/26 20:53:56][framework.model.model_vqvae_prior][INFO] - (1). Motion Encoder 'transformer_encoder' loaded
[02/03/26 20:53:56][framework.model.model_vqvae_prior][INFO] - (2). Motion Decoder 'transformer_decoder' loaded
[02/03/26 20:53:56][__main__][INFO] - Model 'VQVAE Motion Autoencoder' loaded
[02/03/26 20:53:56][framework.model.utils.tools][INFO] - Model weights restored.
[02/03/26 20:53:56][framework.model.utils.tools][INFO] - Model in eval mode.
[02/03/26 20:53:57][__main__][INFO] - Reconstruction complete. You can find it here:
C:\Users\alexb\Develop\ProbTalk3D-ARKit\results\generation\vqvae_prior\stage_2\none
[02/03/26 20:53:57][__main__][INFO] - Sample script. The outputs will be stored in:
[02/03/26 20:53:57][__main__][INFO] - Outputs will be saved to: C:\Users\alexb\Develop\ProbTalk3D-ARKit\results\generation\vqvae_prior\stage_2\none
[02/03/26 20:53:57][__main__][INFO] - Using default motion prior.
[02/03/26 20:53:57][__main__][INFO] - Loading model
[02/03/26 20:53:57][framework.model.model_vqvae_prior][INFO] - (1). Motion Encoder 'transformer_encoder' loaded
[02/03/26 20:53:57][framework.model.model_vqvae_prior][INFO] - (2). Motion Decoder 'transformer_decoder' loaded
[02/03/26 20:53:57][__main__][INFO] - Model 'VQVAE Motion Autoencoder' loaded
[02/03/26 20:53:57][framework.model.utils.tools][INFO] - Model weights restored.
[02/03/26 20:53:57][framework.model.utils.tools][INFO] - Model in eval mode.
[02/03/26 20:53:57][__main__][INFO] - Reconstruction complete. You can find it here:
C:\Users\alexb\Develop\ProbTalk3D-ARKit\results\generation\vqvae_prior\stage_2\none
[02/03/26 20:59:18][__main__][INFO] - Video saved at: results/generation/vqvae_prior/stage_2/none/renders/facediff_face
[03/03/26 10:40:17][__main__][INFO] - Sample script. The outputs will be stored in:
[03/03/26 10:40:17][__main__][INFO] - C:\Users\alexb\Develop\ProbTalk3D-ARKit\results\generation\vqvae_pred\stage_2\0.2
[03/03/26 10:40:17][__main__][INFO] - Using default motion prior.
[03/03/26 10:40:17][__main__][INFO] - Loading model
[03/03/26 11:02:24][__main__][INFO] - Sample script. The outputs will be stored in:
[03/03/26 11:02:24][__main__][INFO] - C:\Users\alexb\Develop\ProbTalk3D-ARKit\results\generation\vqvae_pred\stage_2\0.2
[03/03/26 11:02:24][__main__][INFO] - Using default motion prior.
[03/03/26 11:02:24][__main__][INFO] - Loading model
[03/03/26 11:09:52][__main__][INFO] - Sample script. The outputs will be stored in:
[03/03/26 11:09:52][__main__][INFO] - C:\Users\alexb\Develop\ProbTalk3D-ARKit\results\generation\vqvae_pred\stage_2\0.2
[03/03/26 11:09:52][__main__][INFO] - Using default motion prior.
[03/03/26 11:09:52][__main__][INFO] - Loading model
[03/03/26 11:09:58][framework.model.model_vqvae_pred][INFO] - 1. Audio feature extractor 'HuBERT' loaded
[03/03/26 11:09:58][framework.model.model_vqvae_prior][INFO] - (1). Motion Encoder 'transformer_encoder' loaded
[03/03/26 11:09:58][framework.model.model_vqvae_prior][INFO] - (2). Motion Decoder 'transformer_decoder' loaded
[03/03/26 11:09:58][framework.model.model_vqvae_pred][INFO] - 2. 'VQVAE Motion Autoencoder' loaded
[03/03/26 11:09:58][framework.model.utils.tools][INFO] - Model weights restored.
[03/03/26 11:09:58][framework.model.utils.tools][INFO] - Model in eval mode.
[03/03/26 11:09:58][framework.model.model_vqvae_pred][INFO] - 3. 'Audio Encoder' loaded
[03/03/26 11:09:58][__main__][INFO] - Model 'ProbTalk3D' loaded
[03/03/26 11:10:01][framework.model.utils.tools][INFO] - Model weights restored.
[03/03/26 11:10:01][framework.model.utils.tools][INFO] - Model in eval mode.
[03/03/26 11:10:09][__main__][INFO] - All the sampling are done. You can find them here:
C:\Users\alexb\Develop\ProbTalk3D-ARKit\results\generation\vqvae_pred\stage_2\0.2
[03/03/26 11:11:06][__main__][INFO] - Sample script. The outputs will be stored in:
[03/03/26 11:11:06][__main__][INFO] - C:\Users\alexb\Develop\ProbTalk3D-ARKit\results\generation\vqvae_pred\stage_2\0.2
[03/03/26 11:11:06][__main__][INFO] - Using default motion prior.
[03/03/26 11:11:06][__main__][INFO] - Loading model
[03/03/26 11:11:12][framework.model.model_vqvae_pred][INFO] - 1. Audio feature extractor 'HuBERT' loaded
[03/03/26 11:11:12][framework.model.model_vqvae_prior][INFO] - (1). Motion Encoder 'transformer_encoder' loaded
[03/03/26 11:11:12][framework.model.model_vqvae_prior][INFO] - (2). Motion Decoder 'transformer_decoder' loaded
[03/03/26 11:11:12][framework.model.model_vqvae_pred][INFO] - 2. 'VQVAE Motion Autoencoder' loaded
[03/03/26 11:11:12][framework.model.utils.tools][INFO] - Model weights restored.
[03/03/26 11:11:12][framework.model.utils.tools][INFO] - Model in eval mode.
[03/03/26 11:11:12][framework.model.model_vqvae_pred][INFO] - 3. 'Audio Encoder' loaded
[03/03/26 11:11:12][__main__][INFO] - Model 'ProbTalk3D' loaded
[03/03/26 11:11:13][framework.model.utils.tools][INFO] - Model weights restored.
[03/03/26 11:11:13][framework.model.utils.tools][INFO] - Model in eval mode.
[03/03/26 11:11:56][__main__][INFO] - Sample script. The outputs will be stored in:
[03/03/26 11:11:56][__main__][INFO] - C:\Users\alexb\Develop\ProbTalk3D-ARKit\results\generation\vqvae_pred\stage_2\0.2
[03/03/26 11:11:56][__main__][INFO] - Using default motion prior.
[03/03/26 11:11:56][__main__][INFO] - Loading model
[03/03/26 11:12:02][framework.model.model_vqvae_pred][INFO] - 1. Audio feature extractor 'HuBERT' loaded
[03/03/26 11:12:02][framework.model.model_vqvae_prior][INFO] - (1). Motion Encoder 'transformer_encoder' loaded
[03/03/26 11:12:02][framework.model.model_vqvae_prior][INFO] - (2). Motion Decoder 'transformer_decoder' loaded
[03/03/26 11:12:02][framework.model.model_vqvae_pred][INFO] - 2. 'VQVAE Motion Autoencoder' loaded
[03/03/26 11:12:02][framework.model.utils.tools][INFO] - Model weights restored.
[03/03/26 11:12:02][framework.model.utils.tools][INFO] - Model in eval mode.
[03/03/26 11:12:02][framework.model.model_vqvae_pred][INFO] - 3. 'Audio Encoder' loaded
[03/03/26 11:12:02][__main__][INFO] - Model 'ProbTalk3D' loaded
[03/03/26 11:12:04][framework.model.utils.tools][INFO] - Model weights restored.
[03/03/26 11:12:04][framework.model.utils.tools][INFO] - Model in eval mode.
[03/03/26 11:12:06][__main__][INFO] - All the sampling are done. You can find them here:
C:\Users\alexb\Develop\ProbTalk3D-ARKit\results\generation\vqvae_pred\stage_2\0.2
[03/03/26 11:12:29][__main__][INFO] - Sample script. The outputs will be stored in:
[03/03/26 11:12:29][__main__][INFO] - C:\Users\alexb\Develop\ProbTalk3D-ARKit\results\generation\vqvae_pred\stage_2\0.2
[03/03/26 11:12:29][__main__][INFO] - Using default motion prior.
[03/03/26 11:12:29][__main__][INFO] - Loading model
[03/03/26 11:12:35][framework.model.model_vqvae_pred][INFO] - 1. Audio feature extractor 'HuBERT' loaded
[03/03/26 11:12:35][framework.model.model_vqvae_prior][INFO] - (1). Motion Encoder 'transformer_encoder' loaded
[03/03/26 11:12:35][framework.model.model_vqvae_prior][INFO] - (2). Motion Decoder 'transformer_decoder' loaded
[03/03/26 11:12:35][framework.model.model_vqvae_pred][INFO] - 2. 'VQVAE Motion Autoencoder' loaded
[03/03/26 11:12:35][framework.model.utils.tools][INFO] - Model weights restored.
[03/03/26 11:12:35][framework.model.utils.tools][INFO] - Model in eval mode.
[03/03/26 11:12:35][framework.model.model_vqvae_pred][INFO] - 3. 'Audio Encoder' loaded
[03/03/26 11:12:35][__main__][INFO] - Model 'ProbTalk3D' loaded
[03/03/26 11:12:37][framework.model.utils.tools][INFO] - Model weights restored.
[03/03/26 11:12:37][framework.model.utils.tools][INFO] - Model in eval mode.
[03/03/26 11:12:40][__main__][INFO] - All the sampling are done. You can find them here:
C:\Users\alexb\Develop\ProbTalk3D-ARKit\results\generation\vqvae_pred\stage_2\0.2
[03/03/26 11:14:51][__main__][INFO] - Video saved at: results/generation/vqvae_pred/stage_2/0.2/renders/facediff_face
[06/03/26 12:31:04][__main__][INFO] - Sample script. The outputs will be stored in:
[06/03/26 12:31:04][__main__][INFO] - Outputs will be saved to: C:\Users\alexb\Develop\ProbTalk3D-ARKit\results\generation\vqvae_prior\stage_2\none
[06/03/26 12:31:04][__main__][INFO] - Using default motion prior.
[06/03/26 12:31:04][__main__][INFO] - Loading model
[06/03/26 12:34:08][framework.model.model_vqvae_prior][INFO] - (1). Motion Encoder 'transformer_encoder' loaded
[06/03/26 12:34:08][framework.model.model_vqvae_prior][INFO] - (2). Motion Decoder 'transformer_decoder' loaded
[06/03/26 12:34:08][__main__][INFO] - Model 'VQVAE Motion Autoencoder' loaded
[06/03/26 12:34:48][__main__][INFO] - Sample script. The outputs will be stored in:
[06/03/26 12:34:48][__main__][INFO] - Outputs will be saved to: C:\Users\alexb\Develop\ProbTalk3D-ARKit\results\generation\vqvae_prior\stage_2\none
[06/03/26 12:34:48][__main__][INFO] - Using default motion prior.
[06/03/26 12:34:48][__main__][INFO] - Loading model
[06/03/26 12:34:54][framework.model.model_vqvae_prior][INFO] - (1). Motion Encoder 'transformer_encoder' loaded
[06/03/26 12:34:54][framework.model.model_vqvae_prior][INFO] - (2). Motion Decoder 'transformer_decoder' loaded
[06/03/26 12:34:54][__main__][INFO] - Model 'VQVAE Motion Autoencoder' loaded
[06/03/26 12:34:55][framework.model.utils.tools][INFO] - Model weights restored.
[06/03/26 12:34:55][framework.model.utils.tools][INFO] - Model in eval mode.
[06/03/26 12:34:56][__main__][INFO] - Reconstruction complete. You can find it here:
C:\Users\alexb\Develop\ProbTalk3D-ARKit\results\generation\vqvae_prior\stage_2\none
[06/03/26 12:37:45][__main__][INFO] - Sample script. The outputs will be stored in:
[06/03/26 12:37:45][__main__][INFO] - Outputs will be saved to: C:\Users\alexb\Develop\ProbTalk3D-ARKit\results\generation\vqvae_prior\stage_2\none
[06/03/26 12:37:45][__main__][INFO] - Using default motion prior.
[06/03/26 12:37:45][__main__][INFO] - Loading model
[06/03/26 12:37:56][framework.model.model_vqvae_prior][INFO] - (1). Motion Encoder 'transformer_encoder' loaded
[06/03/26 12:37:56][framework.model.model_vqvae_prior][INFO] - (2). Motion Decoder 'transformer_decoder' loaded
[06/03/26 12:37:56][__main__][INFO] - Model 'VQVAE Motion Autoencoder' loaded
[06/03/26 12:37:57][framework.model.utils.tools][INFO] - Model weights restored.
[06/03/26 12:37:57][framework.model.utils.tools][INFO] - Model in eval mode.
[06/03/26 12:37:58][__main__][INFO] - Reconstruction complete. You can find it here:
C:\Users\alexb\Develop\ProbTalk3D-ARKit\results\generation\vqvae_prior\stage_2\none
[06/03/26 12:38:09][__main__][INFO] - Sample script. The outputs will be stored in:
[06/03/26 12:38:09][__main__][INFO] - Outputs will be saved to: C:\Users\alexb\Develop\ProbTalk3D-ARKit\results\generation\vqvae_prior\stage_2\none
[06/03/26 12:38:09][__main__][INFO] - Using default motion prior.
[06/03/26 12:38:09][__main__][INFO] - Loading model
[06/03/26 12:38:15][framework.model.model_vqvae_prior][INFO] - (1). Motion Encoder 'transformer_encoder' loaded
[06/03/26 12:38:15][framework.model.model_vqvae_prior][INFO] - (2). Motion Decoder 'transformer_decoder' loaded
[06/03/26 12:38:15][__main__][INFO] - Model 'VQVAE Motion Autoencoder' loaded
[06/03/26 12:38:16][framework.model.utils.tools][INFO] - Model weights restored.
[06/03/26 12:38:16][framework.model.utils.tools][INFO] - Model in eval mode.
[06/03/26 12:38:16][__main__][INFO] - Reconstruction complete. You can find it here:
C:\Users\alexb\Develop\ProbTalk3D-ARKit\results\generation\vqvae_prior\stage_2\none
[06/03/26 12:38:42][__main__][INFO] - Sample script. The outputs will be stored in:
[06/03/26 12:38:42][__main__][INFO] - Outputs will be saved to: C:\Users\alexb\Develop\ProbTalk3D-ARKit\results\generation\vqvae_prior\stage_2\none
[06/03/26 12:38:42][__main__][INFO] - Using default motion prior.
[06/03/26 12:38:42][__main__][INFO] - Loading model
[06/03/26 12:38:47][framework.model.model_vqvae_prior][INFO] - (1). Motion Encoder 'transformer_encoder' loaded
[06/03/26 12:38:47][framework.model.model_vqvae_prior][INFO] - (2). Motion Decoder 'transformer_decoder' loaded
[06/03/26 12:38:47][__main__][INFO] - Model 'VQVAE Motion Autoencoder' loaded
[06/03/26 12:38:48][framework.model.utils.tools][INFO] - Model weights restored.
[06/03/26 12:38:48][framework.model.utils.tools][INFO] - Model in eval mode.
[06/03/26 12:38:48][__main__][INFO] - Reconstruction complete. You can find it here:
C:\Users\alexb\Develop\ProbTalk3D-ARKit\results\generation\vqvae_prior\stage_2\none
[06/03/26 12:39:34][__main__][INFO] - Sample script. The outputs will be stored in:
[06/03/26 12:39:34][__main__][INFO] - Outputs will be saved to: C:\Users\alexb\Develop\ProbTalk3D-ARKit\results\generation\vqvae_prior\stage_2\none
[06/03/26 12:39:34][__main__][INFO] - Using default motion prior.
[06/03/26 12:39:34][__main__][INFO] - Loading model
[06/03/26 12:39:41][framework.model.model_vqvae_prior][INFO] - (1). Motion Encoder 'transformer_encoder' loaded
[06/03/26 12:39:41][framework.model.model_vqvae_prior][INFO] - (2). Motion Decoder 'transformer_decoder' loaded
[06/03/26 12:39:41][__main__][INFO] - Model 'VQVAE Motion Autoencoder' loaded
[06/03/26 12:39:42][framework.model.utils.tools][INFO] - Model weights restored.
[06/03/26 12:39:42][framework.model.utils.tools][INFO] - Model in eval mode.
[06/03/26 12:39:42][__main__][INFO] - Reconstruction complete. You can find it here:
C:\Users\alexb\Develop\ProbTalk3D-ARKit\results\generation\vqvae_prior\stage_2\none
[06/03/26 12:40:07][__main__][INFO] - Sample script. The outputs will be stored in:
[06/03/26 12:40:07][__main__][INFO] - Outputs will be saved to: C:\Users\alexb\Develop\ProbTalk3D-ARKit\results\generation\vqvae_prior\stage_2\none
[06/03/26 12:40:07][__main__][INFO] - Using default motion prior.
[06/03/26 12:40:07][__main__][INFO] - Loading model
[06/03/26 12:40:12][framework.model.model_vqvae_prior][INFO] - (1). Motion Encoder 'transformer_encoder' loaded
[06/03/26 12:40:12][framework.model.model_vqvae_prior][INFO] - (2). Motion Decoder 'transformer_decoder' loaded
[06/03/26 12:40:12][__main__][INFO] - Model 'VQVAE Motion Autoencoder' loaded
[06/03/26 12:40:13][framework.model.utils.tools][INFO] - Model weights restored.
[06/03/26 12:40:13][framework.model.utils.tools][INFO] - Model in eval mode.
[06/03/26 12:40:14][__main__][INFO] - Reconstruction complete. You can find it here:
C:\Users\alexb\Develop\ProbTalk3D-ARKit\results\generation\vqvae_prior\stage_2\none
[06/03/26 12:44:48][__main__][INFO] - Video saved at: results/generation/vqvae_prior/stage_2/none/renders/facediff_face
[08/04/26 12:47:30][__main__][INFO] - Sample script. The outputs will be stored in:
[08/04/26 12:47:31][__main__][INFO] - C:\Users\alexb\Develop\ProbTalk3D-ARKit\results\evaluation\vqvae_pred\stage_2\0.2_multi
[08/04/26 12:47:31][__main__][INFO] - Loading data module
[08/04/26 12:47:50][__main__][INFO] - Data module 'MEADARKit' loaded
[08/04/26 12:47:50][__main__][INFO] - Loading model
[08/04/26 12:47:50][__main__][INFO] - C:\Users\alexb\Develop\ProbTalk3D-ARKit\model_weights\ProbTalk3D\stage_2\lightning_logs\version_0\checkpoints\last.ckpt
[08/04/26 12:47:52][framework.model.model_vqvae_pred][INFO] - 1. Audio feature extractor 'HuBERT' loaded
[08/04/26 12:47:52][framework.model.model_vqvae_prior][INFO] - (1). Motion Encoder 'transformer_encoder' loaded
[08/04/26 12:47:52][framework.model.model_vqvae_prior][INFO] - (2). Motion Decoder 'transformer_decoder' loaded
[08/04/26 12:47:52][framework.model.model_vqvae_pred][INFO] - 2. 'VQVAE Motion Autoencoder' loaded
[08/04/26 12:47:53][framework.model.utils.tools][INFO] - Model weights restored.
[08/04/26 12:47:53][framework.model.utils.tools][INFO] - Model in eval mode.
[08/04/26 12:47:53][framework.model.model_vqvae_pred][INFO] - 3. 'Audio Encoder' loaded
[08/04/26 12:47:53][__main__][INFO] - Model 'ProbTalk3D' loaded
[08/04/26 12:47:55][framework.model.utils.tools][INFO] - Model weights restored.
[08/04/26 12:47:55][framework.model.utils.tools][INFO] - Model in eval mode.
[08/04/26 12:51:27][__main__][INFO] - Sample script. The outputs will be stored in:
[08/04/26 12:51:27][__main__][INFO] - C:\Users\alexb\Develop\ProbTalk3D-ARKit\results\evaluation\vqvae_pred\stage_2\0.2_multi
[08/04/26 12:51:27][__main__][INFO] - Loading data module
[08/04/26 12:51:30][__main__][INFO] - Data module 'MEADARKit' loaded
[08/04/26 12:51:30][__main__][INFO] - Loading model
[08/04/26 12:51:30][__main__][INFO] - C:\Users\alexb\Develop\ProbTalk3D-ARKit\model_weights\ProbTalk3D\stage_2\lightning_logs\version_0\checkpoints\last.ckpt
[08/04/26 12:51:30][framework.model.model_vqvae_pred][INFO] - 1. Audio feature extractor 'HuBERT' loaded
[08/04/26 12:51:31][framework.model.model_vqvae_prior][INFO] - (1). Motion Encoder 'transformer_encoder' loaded
[08/04/26 12:51:31][framework.model.model_vqvae_prior][INFO] - (2). Motion Decoder 'transformer_decoder' loaded
[08/04/26 12:51:31][framework.model.model_vqvae_pred][INFO] - 2. 'VQVAE Motion Autoencoder' loaded
[08/04/26 12:51:31][framework.model.utils.tools][INFO] - Model weights restored.
[08/04/26 12:51:31][framework.model.utils.tools][INFO] - Model in eval mode.
[08/04/26 12:51:31][framework.model.model_vqvae_pred][INFO] - 3. 'Audio Encoder' loaded
[08/04/26 12:51:31][__main__][INFO] - Model 'ProbTalk3D' loaded
[08/04/26 12:51:32][framework.model.utils.tools][INFO] - Model weights restored.
[08/04/26 12:51:32][framework.model.utils.tools][INFO] - Model in eval mode.
[08/04/26 12:53:19][__main__][INFO] - Sample script. The outputs will be stored in:
[08/04/26 12:53:19][__main__][INFO] - C:\Users\alexb\Develop\ProbTalk3D-ARKit\results\evaluation\vqvae_pred\stage_2\0.2_multi
[08/04/26 12:53:19][__main__][INFO] - Loading data module
[08/04/26 12:53:21][__main__][INFO] - Data module 'MEADARKit' loaded
[08/04/26 12:53:21][__main__][INFO] - Loading model
[08/04/26 12:53:21][__main__][INFO] - C:\Users\alexb\Develop\ProbTalk3D-ARKit\model_weights\ProbTalk3D\stage_2\lightning_logs\version_0\checkpoints\last.ckpt
[08/04/26 12:53:22][framework.model.model_vqvae_pred][INFO] - 1. Audio feature extractor 'HuBERT' loaded
[08/04/26 12:53:22][framework.model.model_vqvae_prior][INFO] - (1). Motion Encoder 'transformer_encoder' loaded
[08/04/26 12:53:22][framework.model.model_vqvae_prior][INFO] - (2). Motion Decoder 'transformer_decoder' loaded
[08/04/26 12:53:22][framework.model.model_vqvae_pred][INFO] - 2. 'VQVAE Motion Autoencoder' loaded
[08/04/26 12:53:22][framework.model.utils.tools][INFO] - Model weights restored.
[08/04/26 12:53:22][framework.model.utils.tools][INFO] - Model in eval mode.
[08/04/26 12:53:22][framework.model.model_vqvae_pred][INFO] - 3. 'Audio Encoder' loaded
[08/04/26 12:53:22][__main__][INFO] - Model 'ProbTalk3D' loaded
[08/04/26 12:53:23][framework.model.utils.tools][INFO] - Model weights restored.
[08/04/26 12:53:23][framework.model.utils.tools][INFO] - Model in eval mode.
[08/04/26 12:54:29][__main__][INFO] - Saving param: M005_029_6_2_angry_high_gt
[08/04/26 12:54:29][__main__][INFO] - Saving pred: M005_029_6_2_angry_high_0
[08/04/26 12:54:29][__main__][INFO] - Saving pred: M005_029_6_2_angry_high_3
[08/04/26 12:54:30][__main__][INFO] - Saving pred: M005_029_6_2_angry_high_6
[08/04/26 12:54:30][__main__][INFO] - Saving pred: M005_029_6_2_angry_high_9
[08/04/26 12:55:20][__main__][INFO] - Saving param: M009_029_6_0_angry_low_gt
[08/04/26 12:55:20][__main__][INFO] - Saving pred: M009_029_6_0_angry_low_0
[08/04/26 12:55:20][__main__][INFO] - Saving pred: M009_029_6_0_angry_low_3
[08/04/26 12:55:20][__main__][INFO] - Saving pred: M009_029_6_0_angry_low_6
[08/04/26 12:55:20][__main__][INFO] - Saving pred: M009_029_6_0_angry_low_9
[08/04/26 12:56:13][__main__][INFO] - Saving param: M019_028_6_1_angry_medium_gt
[08/04/26 12:56:13][__main__][INFO] - Saving pred: M019_028_6_1_angry_medium_0
[08/04/26 12:56:13][__main__][INFO] - Saving pred: M019_028_6_1_angry_medium_3
[08/04/26 12:56:13][__main__][INFO] - Saving pred: M019_028_6_1_angry_medium_6
[08/04/26 12:56:13][__main__][INFO] - Saving pred: M019_028_6_1_angry_medium_9
[08/04/26 12:58:30][__main__][INFO] - Saving param: M022_030_5_0_disgusted_low_gt
[08/04/26 12:58:30][__main__][INFO] - Saving pred: M022_030_5_0_disgusted_low_0
[08/04/26 12:58:30][__main__][INFO] - Saving pred: M022_030_5_0_disgusted_low_3
[08/04/26 12:58:30][__main__][INFO] - Saving pred: M022_030_5_0_disgusted_low_6
[08/04/26 12:58:30][__main__][INFO] - Saving pred: M022_030_5_0_disgusted_low_9
[08/04/26 12:59:37][__main__][INFO] - Sample script. The outputs will be stored in:
[08/04/26 12:59:37][__main__][INFO] - C:\Users\alexb\Develop\ProbTalk3D-ARKit\results\evaluation\vqvae_pred\stage_2\0.2_multi
[08/04/26 12:59:38][__main__][INFO] - Loading data module
[08/04/26 12:59:40][__main__][INFO] - Data module 'MEADARKit' loaded
[08/04/26 12:59:40][__main__][INFO] - Loading model
[08/04/26 12:59:40][__main__][INFO] - C:\Users\alexb\Develop\ProbTalk3D-ARKit\model_weights\ProbTalk3D\stage_2\lightning_logs\version_0\checkpoints\last.ckpt
[08/04/26 12:59:40][framework.model.model_vqvae_pred][INFO] - 1. Audio feature extractor 'HuBERT' loaded
[08/04/26 12:59:40][framework.model.model_vqvae_prior][INFO] - (1). Motion Encoder 'transformer_encoder' loaded
[08/04/26 12:59:40][framework.model.model_vqvae_prior][INFO] - (2). Motion Decoder 'transformer_decoder' loaded
[08/04/26 12:59:40][framework.model.model_vqvae_pred][INFO] - 2. 'VQVAE Motion Autoencoder' loaded
[08/04/26 12:59:41][framework.model.utils.tools][INFO] - Model weights restored.
[08/04/26 12:59:41][framework.model.utils.tools][INFO] - Model in eval mode.
[08/04/26 12:59:41][framework.model.model_vqvae_pred][INFO] - 3. 'Audio Encoder' loaded
[08/04/26 12:59:41][__main__][INFO] - Model 'ProbTalk3D' loaded
[08/04/26 12:59:42][framework.model.utils.tools][INFO] - Model weights restored.
[08/04/26 12:59:42][framework.model.utils.tools][INFO] - Model in eval mode.
[08/04/26 13:00:15][__main__][INFO] - Total sequence number: 64
[08/04/26 13:00:15][__main__][INFO] - Total frame number: 3264
[08/04/26 13:00:15][__main__][INFO] - MVE: 5.9762e-01
[08/04/26 13:00:15][__main__][INFO] - LVE: 4.0198e-01
[08/04/26 13:00:15][__main__][INFO] - MEE: 3.6498e-01
[08/04/26 13:00:15][__main__][INFO] - CE: 3.6001e-01
[08/04/26 13:00:15][__main__][INFO] - FDD: 3.3413e-01
[08/04/26 13:00:15][__main__][INFO] - ABS FDD: 3.3430e-01
[08/04/26 13:00:15][__main__][INFO] - Diversity: 3.3652e-01
[08/04/26 13:00:15][__main__][INFO] - All the sampling are done. You can find them here:
C:\Users\alexb\Develop\ProbTalk3D-ARKit\results\evaluation\vqvae_pred\stage_2\0.2_multi
[08/04/26 14:36:49][__main__][INFO] - Sample script. The outputs will be stored in:
[08/04/26 14:36:49][__main__][INFO] - C:\Users\alexb\Develop\ProbTalk3D-ARKit\results\evaluation\vqvae_pred\stage_2\0.2_multi
[08/04/26 14:36:49][__main__][INFO] - Loading data module
[08/04/26 14:36:51][__main__][INFO] - Data module 'MEADARKit' loaded
[08/04/26 14:36:51][__main__][INFO] - Loading model
[08/04/26 14:36:51][__main__][INFO] - C:\Users\alexb\Develop\ProbTalk3D-ARKit\model_weights\ProbTalk3D\stage_2\lightning_logs\version_0\checkpoints\last.ckpt
[08/04/26 14:36:52][framework.model.model_vqvae_pred][INFO] - 1. Audio feature extractor 'HuBERT' loaded
[08/04/26 14:36:52][framework.model.model_vqvae_prior][INFO] - (1). Motion Encoder 'transformer_encoder' loaded
[08/04/26 14:36:52][framework.model.model_vqvae_prior][INFO] - (2). Motion Decoder 'transformer_decoder' loaded
[08/04/26 14:36:52][framework.model.model_vqvae_pred][INFO] - 2. 'VQVAE Motion Autoencoder' loaded
[08/04/26 14:36:52][framework.model.utils.tools][INFO] - Model weights restored.
[08/04/26 14:36:52][framework.model.utils.tools][INFO] - Model in eval mode.
[08/04/26 14:36:52][framework.model.model_vqvae_pred][INFO] - 3. 'Audio Encoder' loaded
[08/04/26 14:36:52][__main__][INFO] - Model 'ProbTalk3D' loaded
[08/04/26 14:36:54][framework.model.utils.tools][INFO] - Model weights restored.
[08/04/26 14:36:54][framework.model.utils.tools][INFO] - Model in eval mode.
[08/04/26 14:39:10][__main__][INFO] - Saving param: M005_029_6_2_angry_high_gt
[08/04/26 14:39:10][__main__][INFO] - Saving pred: M005_029_6_2_angry_high_0
[08/04/26 14:39:11][__main__][INFO] - Saving pred: M005_029_6_2_angry_high_3
[08/04/26 14:39:11][__main__][INFO] - Saving pred: M005_029_6_2_angry_high_6
[08/04/26 14:39:12][__main__][INFO] - Saving pred: M005_029_6_2_angry_high_9
[08/04/26 14:40:21][__main__][INFO] - Saving param: M009_029_6_0_angry_low_gt
[08/04/26 14:40:21][__main__][INFO] - Saving pred: M009_029_6_0_angry_low_0
[08/04/26 14:40:21][__main__][INFO] - Saving pred: M009_029_6_0_angry_low_3
[08/04/26 14:40:21][__main__][INFO] - Saving pred: M009_029_6_0_angry_low_6
[08/04/26 14:40:21][__main__][INFO] - Saving pred: M009_029_6_0_angry_low_9
[08/04/26 14:41:14][__main__][INFO] - Saving param: M019_028_6_1_angry_medium_gt
[08/04/26 14:41:14][__main__][INFO] - Saving pred: M019_028_6_1_angry_medium_0
[08/04/26 14:41:14][__main__][INFO] - Saving pred: M019_028_6_1_angry_medium_3
[08/04/26 14:41:14][__main__][INFO] - Saving pred: M019_028_6_1_angry_medium_6
[08/04/26 14:41:14][__main__][INFO] - Saving pred: M019_028_6_1_angry_medium_9
[08/04/26 14:42:18][__main__][INFO] - Saving param: M022_030_5_0_disgusted_low_gt
[08/04/26 14:42:18][__main__][INFO] - Saving pred: M022_030_5_0_disgusted_low_0
[08/04/26 14:42:18][__main__][INFO] - Saving pred: M022_030_5_0_disgusted_low_3
[08/04/26 14:42:18][__main__][INFO] - Saving pred: M022_030_5_0_disgusted_low_6
[08/04/26 14:42:18][__main__][INFO] - Saving pred: M022_030_5_0_disgusted_low_9
[08/04/26 14:44:00][__main__][INFO] - Saving param: M024_029_5_2_disgusted_high_gt
[08/04/26 14:44:00][__main__][INFO] - Saving pred: M024_029_5_2_disgusted_high_0
[08/04/26 14:44:00][__main__][INFO] - Saving pred: M024_029_5_2_disgusted_high_3
[08/04/26 14:44:01][__main__][INFO] - Saving pred: M024_029_5_2_disgusted_high_6
[08/04/26 14:44:01][__main__][INFO] - Saving pred: M024_029_5_2_disgusted_high_9
[08/04/26 14:45:07][__main__][INFO] - Saving param: M027_028_3_2_surprised_high_gt
[08/04/26 14:45:07][__main__][INFO] - Saving pred: M027_028_3_2_surprised_high_0
[08/04/26 14:45:08][__main__][INFO] - Saving pred: M027_028_3_2_surprised_high_3
[08/04/26 14:45:08][__main__][INFO] - Saving pred: M027_028_3_2_surprised_high_6
[08/04/26 14:45:08][__main__][INFO] - Saving pred: M027_028_3_2_surprised_high_9
[08/04/26 14:47:52][__main__][INFO] - Saving param: M029_030_2_1_sad_medium_gt
[08/04/26 14:47:52][__main__][INFO] - Saving pred: M029_030_2_1_sad_medium_0
[08/04/26 14:47:53][__main__][INFO] - Saving pred: M029_030_2_1_sad_medium_3
[08/04/26 14:47:53][__main__][INFO] - Saving pred: M029_030_2_1_sad_medium_6
[08/04/26 14:47:54][__main__][INFO] - Saving pred: M029_030_2_1_sad_medium_9
[08/04/26 14:50:19][__main__][INFO] - Saving param: M031_029_4_1_fear_medium_gt
[08/04/26 14:50:19][__main__][INFO] - Saving pred: M031_029_4_1_fear_medium_0
[08/04/26 14:50:19][__main__][INFO] - Saving pred: M031_029_4_1_fear_medium_3
[08/04/26 14:50:19][__main__][INFO] - Saving pred: M031_029_4_1_fear_medium_6
[08/04/26 14:50:19][__main__][INFO] - Saving pred: M031_029_4_1_fear_medium_9
[08/04/26 14:52:31][__main__][INFO] - Saving param: M035_028_2_1_sad_medium_gt
[08/04/26 14:52:31][__main__][INFO] - Saving pred: M035_028_2_1_sad_medium_0
[08/04/26 14:52:32][__main__][INFO] - Saving pred: M035_028_2_1_sad_medium_3
[08/04/26 14:52:32][__main__][INFO] - Saving pred: M035_028_2_1_sad_medium_6
[08/04/26 14:52:33][__main__][INFO] - Saving pred: M035_028_2_1_sad_medium_9
[08/04/26 14:53:40][__main__][INFO] - Saving param: W009_030_2_1_sad_medium_gt
[08/04/26 14:53:40][__main__][INFO] - Saving pred: W009_030_2_1_sad_medium_0
[08/04/26 14:53:40][__main__][INFO] - Saving pred: W009_030_2_1_sad_medium_3
[08/04/26 14:53:40][__main__][INFO] - Saving pred: W009_030_2_1_sad_medium_6
[08/04/26 14:53:41][__main__][INFO] - Saving pred: W009_030_2_1_sad_medium_9
[08/04/26 14:54:59][__main__][INFO] - Saving param: W015_029_2_1_sad_medium_gt
[08/04/26 14:55:00][__main__][INFO] - Saving pred: W015_029_2_1_sad_medium_0
[08/04/26 14:55:00][__main__][INFO] - Saving pred: W015_029_2_1_sad_medium_3
[08/04/26 14:55:01][__main__][INFO] - Saving pred: W015_029_2_1_sad_medium_6
[08/04/26 14:55:01][__main__][INFO] - Saving pred: W015_029_2_1_sad_medium_9
[08/04/26 14:56:08][__main__][INFO] - Saving param: W036_028_1_1_happy_medium_gt
[08/04/26 14:56:08][__main__][INFO] - Saving pred: W036_028_1_1_happy_medium_0
[08/04/26 14:56:09][__main__][INFO] - Saving pred: W036_028_1_1_happy_medium_3
[08/04/26 14:56:10][__main__][INFO] - Saving pred: W036_028_1_1_happy_medium_6
[08/04/26 14:56:11][__main__][INFO] - Saving pred: W036_028_1_1_happy_medium_9
[08/04/26 14:57:50][__main__][INFO] - Saving param: W038_028_2_0_sad_low_gt
[08/04/26 14:57:50][__main__][INFO] - Saving pred: W038_028_2_0_sad_low_0
[08/04/26 14:57:50][__main__][INFO] - Saving pred: W038_028_2_0_sad_low_3
[08/04/26 14:57:50][__main__][INFO] - Saving pred: W038_028_2_0_sad_low_6
[08/04/26 14:57:50][__main__][INFO] - Saving pred: W038_028_2_0_sad_low_9
[08/04/26 14:59:01][__main__][INFO] - Saving param: W040_029_7_0_contempt_low_gt
[08/04/26 14:59:01][__main__][INFO] - Saving pred: W040_029_7_0_contempt_low_0
[08/04/26 14:59:01][__main__][INFO] - Saving pred: W040_029_7_0_contempt_low_3
[08/04/26 14:59:01][__main__][INFO] - Saving pred: W040_029_7_0_contempt_low_6
[08/04/26 14:59:01][__main__][INFO] - Saving pred: W040_029_7_0_contempt_low_9
[08/04/26 14:59:16][__main__][INFO] - Total sequence number: 1424
[08/04/26 14:59:16][__main__][INFO] - Total frame number: 72624
[08/04/26 14:59:16][__main__][INFO] - MVE: 5.0289e-01
[08/04/26 14:59:16][__main__][INFO] - LVE: 3.5639e-01
[08/04/26 14:59:16][__main__][INFO] - MEE: 3.3078e-01
[08/04/26 14:59:16][__main__][INFO] - CE: 3.2269e-01
[08/04/26 14:59:16][__main__][INFO] - FDD: 1.6042e-01
[08/04/26 14:59:16][__main__][INFO] - ABS FDD: 1.6796e-01
[08/04/26 14:59:16][__main__][INFO] - Diversity: 2.5384e-01
[08/04/26 14:59:16][__main__][INFO] - All the sampling are done. You can find them here:
C:\Users\alexb\Develop\ProbTalk3D-ARKit\results\evaluation\vqvae_pred\stage_2\0.2_multi
[08/04/26 15:09:08][__main__][INFO] - Sample script. The outputs will be stored in:
[08/04/26 15:09:08][__main__][INFO] - C:\Users\alexb\Develop\ProbTalk3D-ARKit\results\evaluation\vqvae_pred\stage_2\0.2_multi
[08/04/26 15:09:08][__main__][INFO] - Loading data module
[08/04/26 15:09:12][__main__][INFO] - Data module 'MEADARKit' loaded
[08/04/26 15:09:12][__main__][INFO] - Loading model
[08/04/26 15:09:12][__main__][INFO] - C:\Users\alexb\Develop\ProbTalk3D-ARKit\model_weights\ProbTalk3D\stage_2\lightning_logs\version_0\checkpoints\last.ckpt
[08/04/26 15:09:13][framework.model.model_vqvae_pred][INFO] - 1. Audio feature extractor 'HuBERT' loaded
[08/04/26 15:09:13][framework.model.model_vqvae_prior][INFO] - (1). Motion Encoder 'transformer_encoder' loaded
[08/04/26 15:09:13][framework.model.model_vqvae_prior][INFO] - (2). Motion Decoder 'transformer_decoder' loaded
[08/04/26 15:09:13][framework.model.model_vqvae_pred][INFO] - 2. 'VQVAE Motion Autoencoder' loaded
[08/04/26 15:09:13][framework.model.utils.tools][INFO] - Model weights restored.
[08/04/26 15:09:14][framework.model.utils.tools][INFO] - Model in eval mode.
[08/04/26 15:09:14][framework.model.model_vqvae_pred][INFO] - 3. 'Audio Encoder' loaded
[08/04/26 15:09:14][__main__][INFO] - Model 'ProbTalk3D' loaded
[08/04/26 15:09:15][framework.model.utils.tools][INFO] - Model weights restored.
[08/04/26 15:09:15][framework.model.utils.tools][INFO] - Model in eval mode.
[08/04/26 15:10:38][__main__][INFO] - Saving param: M005_029_6_2_angry_high_gt
[08/04/26 15:10:38][__main__][INFO] - Saving pred: M005_029_6_2_angry_high_0
[08/04/26 15:10:38][__main__][INFO] - Saving pred: M005_029_6_2_angry_high_3
[08/04/26 15:10:38][__main__][INFO] - Saving pred: M005_029_6_2_angry_high_6
[08/04/26 15:10:39][__main__][INFO] - Saving pred: M005_029_6_2_angry_high_9
[08/04/26 15:13:06][__main__][INFO] - Saving param: M009_029_6_0_angry_low_gt
[08/04/26 15:13:06][__main__][INFO] - Saving pred: M009_029_6_0_angry_low_0
[08/04/26 15:13:06][__main__][INFO] - Saving pred: M009_029_6_0_angry_low_3
[08/04/26 15:13:07][__main__][INFO] - Saving pred: M009_029_6_0_angry_low_6
[08/04/26 15:13:07][__main__][INFO] - Saving pred: M009_029_6_0_angry_low_9
[08/04/26 15:14:28][__main__][INFO] - Saving param: M019_028_6_1_angry_medium_gt
[08/04/26 15:14:28][__main__][INFO] - Saving pred: M019_028_6_1_angry_medium_0
[08/04/26 15:14:28][__main__][INFO] - Saving pred: M019_028_6_1_angry_medium_3
[08/04/26 15:14:28][__main__][INFO] - Saving pred: M019_028_6_1_angry_medium_6
[08/04/26 15:14:28][__main__][INFO] - Saving pred: M019_028_6_1_angry_medium_9
[08/04/26 15:17:22][__main__][INFO] - Saving param: M022_030_5_0_disgusted_low_gt
[08/04/26 15:17:22][__main__][INFO] - Saving pred: M022_030_5_0_disgusted_low_0
[08/04/26 15:17:22][__main__][INFO] - Saving pred: M022_030_5_0_disgusted_low_3
[08/04/26 15:17:22][__main__][INFO] - Saving pred: M022_030_5_0_disgusted_low_6
[08/04/26 15:17:22][__main__][INFO] - Saving pred: M022_030_5_0_disgusted_low_9
[08/04/26 15:19:51][__main__][INFO] - Saving param: M024_029_5_2_disgusted_high_gt
[08/04/26 15:19:51][__main__][INFO] - Saving pred: M024_029_5_2_disgusted_high_0
[08/04/26 15:19:52][__main__][INFO] - Saving pred: M024_029_5_2_disgusted_high_3
[08/04/26 15:19:52][__main__][INFO] - Saving pred: M024_029_5_2_disgusted_high_6
[08/04/26 15:19:53][__main__][INFO] - Saving pred: M024_029_5_2_disgusted_high_9
[08/04/26 15:21:09][__main__][INFO] - Saving param: M027_028_3_2_surprised_high_gt
[08/04/26 15:21:09][__main__][INFO] - Saving pred: M027_028_3_2_surprised_high_0
[08/04/26 15:21:09][__main__][INFO] - Saving pred: M027_028_3_2_surprised_high_3
[08/04/26 15:21:10][__main__][INFO] - Saving pred: M027_028_3_2_surprised_high_6
[08/04/26 15:21:10][__main__][INFO] - Saving pred: M027_028_3_2_surprised_high_9
[08/04/26 15:23:17][__main__][INFO] - Saving param: M029_030_2_1_sad_medium_gt
[08/04/26 15:23:17][__main__][INFO] - Saving pred: M029_030_2_1_sad_medium_0
[08/04/26 15:23:17][__main__][INFO] - Saving pred: M029_030_2_1_sad_medium_3
[08/04/26 15:23:18][__main__][INFO] - Saving pred: M029_030_2_1_sad_medium_6
[08/04/26 15:23:18][__main__][INFO] - Saving pred: M029_030_2_1_sad_medium_9
[08/04/26 15:25:38][__main__][INFO] - Saving param: M031_029_4_1_fear_medium_gt
[08/04/26 15:25:39][__main__][INFO] - Saving pred: M031_029_4_1_fear_medium_0
[08/04/26 15:25:39][__main__][INFO] - Saving pred: M031_029_4_1_fear_medium_3
[08/04/26 15:25:39][__main__][INFO] - Saving pred: M031_029_4_1_fear_medium_6
[08/04/26 15:25:40][__main__][INFO] - Saving pred: M031_029_4_1_fear_medium_9
[08/04/26 15:28:46][__main__][INFO] - Saving param: M035_028_2_1_sad_medium_gt
[08/04/26 15:28:46][__main__][INFO] - Saving pred: M035_028_2_1_sad_medium_0
[08/04/26 15:28:47][__main__][INFO] - Saving pred: M035_028_2_1_sad_medium_3
[08/04/26 15:28:47][__main__][INFO] - Saving pred: M035_028_2_1_sad_medium_6
[08/04/26 15:28:49][__main__][INFO] - Saving pred: M035_028_2_1_sad_medium_9
[08/04/26 15:31:31][__main__][INFO] - Saving param: W009_030_2_1_sad_medium_gt
[08/04/26 15:31:31][__main__][INFO] - Saving pred: W009_030_2_1_sad_medium_0
[08/04/26 15:31:33][__main__][INFO] - Saving pred: W009_030_2_1_sad_medium_3
[08/04/26 15:31:34][__main__][INFO] - Saving pred: W009_030_2_1_sad_medium_6
[08/04/26 15:31:34][__main__][INFO] - Saving pred: W009_030_2_1_sad_medium_9
[08/04/26 15:34:47][__main__][INFO] - Saving param: W015_029_2_1_sad_medium_gt
[08/04/26 15:34:47][__main__][INFO] - Saving pred: W015_029_2_1_sad_medium_0
[08/04/26 15:34:48][__main__][INFO] - Saving pred: W015_029_2_1_sad_medium_3
[08/04/26 15:34:48][__main__][INFO] - Saving pred: W015_029_2_1_sad_medium_6
[08/04/26 15:34:49][__main__][INFO] - Saving pred: W015_029_2_1_sad_medium_9
[08/04/26 15:37:35][__main__][INFO] - Saving param: W036_028_1_1_happy_medium_gt
[08/04/26 15:37:35][__main__][INFO] - Saving pred: W036_028_1_1_happy_medium_0
[08/04/26 15:37:35][__main__][INFO] - Saving pred: W036_028_1_1_happy_medium_3
[08/04/26 15:37:36][__main__][INFO] - Saving pred: W036_028_1_1_happy_medium_6
[08/04/26 15:37:36][__main__][INFO] - Saving pred: W036_028_1_1_happy_medium_9
[08/04/26 15:38:15][__main__][INFO] - Saving param: W038_028_2_0_sad_low_gt
[08/04/26 15:38:16][__main__][INFO] - Saving pred: W038_028_2_0_sad_low_0
[08/04/26 15:38:16][__main__][INFO] - Saving pred: W038_028_2_0_sad_low_3
[08/04/26 15:38:16][__main__][INFO] - Saving pred: W038_028_2_0_sad_low_6
[08/04/26 15:38:16][__main__][INFO] - Saving pred: W038_028_2_0_sad_low_9
[08/04/26 15:38:56][__main__][INFO] - Saving param: W040_029_7_0_contempt_low_gt
[08/04/26 15:38:56][__main__][INFO] - Saving pred: W040_029_7_0_contempt_low_0
[08/04/26 15:38:56][__main__][INFO] - Saving pred: W040_029_7_0_contempt_low_3
[08/04/26 15:38:56][__main__][INFO] - Saving pred: W040_029_7_0_contempt_low_6
[08/04/26 15:38:57][__main__][INFO] - Saving pred: W040_029_7_0_contempt_low_9
[08/04/26 15:39:07][__main__][INFO] - Total sequence number: 1424
[08/04/26 15:39:07][__main__][INFO] - Total frame number: 72624
[08/04/26 15:39:08][__main__][INFO] - MVE: 5.0289e-01
[08/04/26 15:39:08][__main__][INFO] - LVE: 3.5639e-01
[08/04/26 15:39:08][__main__][INFO] - MEE: 3.3078e-01
[08/04/26 15:39:08][__main__][INFO] - CE: 3.2269e-01
[08/04/26 15:39:08][__main__][INFO] - FDD: 1.6042e-01
[08/04/26 15:39:08][__main__][INFO] - ABS FDD: 1.6796e-01
[08/04/26 15:39:08][__main__][INFO] - Diversity: 2.5384e-01
[08/04/26 15:39:08][__main__][INFO] - All the sampling are done. You can find them here:
C:\Users\alexb\Develop\ProbTalk3D-ARKit\results\evaluation\vqvae_pred\stage_2\0.2_multi
